2026-10-03T05:17:51Z A-add-core50 rc=0 :: /Users/yzliu/work/projects/hanamesh/_deliveries/p06-public-consumer-20261003/worktrees/core-apphost45/docs/acceptance/p06-core-apphost50-rc50/harness/dsh.sh plugin --profile p50 add file:$RUN/home/dsh/profiles/p50/.inputs/hanamesh-core-0.2.0-rc.50.tgz
2026-10-03T05:17:51Z A-installed rc=0 :: sh -c cd '$RUN/home/dsh/profiles/p50/node_modules' && for d in hanamesh-core hanamesh-usage @hanamesh/dsh-app-host @hanamesh/lib-provision; do printf '%s ' $d; grep -m1 '"version"' $d/package.json 2>/dev/null || echo ABSENT; done; shasum -a 256 @hanamesh/dsh-app-host/dist/manager.js hanamesh-core/lib/client.js hanamesh-core/lib/dsh.mjs 2>/dev/null; find . -name package.json -path '*dsh-app-host/package.json' -o -name package.json -path '*hanamesh-usage/package.json' -o -name package.json -path '*hanamesh-core/package.json' | sort
2026-10-03T05:17:51Z A-dump rc=0 :: /Users/yzliu/work/projects/hanamesh/_deliveries/p06-public-consumer-20261003/worktrees/core-apphost45/docs/acceptance/p06-core-apphost50-rc50/harness/dsh.sh --profile p50 --dump-config
542:- id: hanamesh-core
549:- id: hanamesh-usage
556:- id: hanamesh-app-host
A each_hanamesh_loader_count=1
2026-10-03T05:17:54Z B-core50 web_up port=35108 root_without_token=<redacted>
{"tag":"B-core50","action":"core","firstHealth":["usage:inactive","app-host:inactive"],"settledAfterMs":2557,"stateStatus":200,"deviceIdPresent":true,"deviceIdPrefix":"c6nxteLY","registration":"failed","consent":"withheld","healthStatus":200,"healthMode":"normal","healthFault":null,"components":[{"id":"usage","status":"satisfied","version":"0.2.0-rc.10","requiredRange":"0.2.0-rc.10"},{"id":"app-host","status":"satisfied","version":"0.1.0-rc.50","requiredRange":"0.1.0-rc.50"}]}
{"tag":"B-core50","action":"routes","/api/hanamesh/core/state":200,"/api/hanamesh/core/health":200,"/hanamesh/apps":200,"installedPlugins":["@hanamesh/lib-provision@0.1.0-rc.1:inactive","hanamesh-core@0.2.0-rc.50:active","zod@4.5.4:inactive"],"unauthenticatedCoreState":401}
{"tag":"B-core50","action":"target","beforeTargetNull":true,"positive":{"status":202,"packageName":"dsh-pet","targetIdSha256":"fc8c728d931435123a32725e3acf5bc35e62f8f48c51ee7467e22df69ea861f7"},"negatives":{"missingHeader":[403,"CSRF_DENIED"],"foreignOrigin":[403,"ORIGIN_DENIED"],"frame":[403,"FRAME_CONTROL_DENIED"],"badHost":{"wireHost":"foreign.invalid","status":403,"code":"HOST_DENIED"},"tooLong":[400,"TARGET_SEARCH_UNSUPPORTED"]},"noCookie":[401,"UNAUTHENTICATED"],"invalidCookie":[401,"UNAUTHENTICATED"],"consumeNegatives":{"missingHeader":[403,"CSRF_DENIED"],"foreignOrigin":[403,"ORIGIN_DENIED"],"frame":[403,"FRAME_CONTROL_DENIED"],"badHost":[403,"HOST_DENIED"],"noCookie":[401,"UNAUTHENTICATED"],"invalidCookie":[401,"UNAUTHENTICATED"]},"rejectedPreservedTarget":true}
{"tag":"B-core50","source":"REAL_HOST + REAL_UI official DSH; local fixture catalog","rootStatus":200,"state":[{"status":"found","text":"已定位 dsh-pet，请确认条目后点击安装。","visible":true}],"exact":[{"id":"p06-pet-exact-1","visible":true},{"id":"p06-pet-exact-2","visible":true}],"targetCleared":true,"consumePosts":1,"installPosts":0,"closePosts":0}
2026-10-03T05:18:05Z B-core50 stopped_by=SIGINT rc=130
B duplicate_lines=0
2026-10-03T05:18:06Z C-remove-core rc=0 :: /Users/yzliu/work/projects/hanamesh/_deliveries/p06-public-consumer-20261003/worktrees/core-apphost45/docs/acceptance/p06-core-apphost50-rc50/harness/dsh.sh plugin --profile p50 remove hanamesh-core
2026-10-03T05:18:06Z C-installed rc=0 :: sh -c cd '$RUN/home/dsh/profiles/p50/node_modules' && for d in hanamesh-core hanamesh-usage @hanamesh/dsh-app-host @hanamesh/lib-provision; do printf '%s ' $d; grep -m1 '"version"' $d/package.json 2>/dev/null || echo ABSENT; done; shasum -a 256 @hanamesh/dsh-app-host/dist/manager.js hanamesh-core/lib/client.js hanamesh-core/lib/dsh.mjs 2>/dev/null; find . -name package.json -path '*dsh-app-host/package.json' -o -name package.json -path '*hanamesh-usage/package.json' -o -name package.json -path '*hanamesh-core/package.json' | sort
2026-10-03T05:18:06Z C-dump rc=0 :: /Users/yzliu/work/projects/hanamesh/_deliveries/p06-public-consumer-20261003/worktrees/core-apphost45/docs/acceptance/p06-core-apphost50-rc50/harness/dsh.sh --profile p50 --dump-config
C each_hanamesh_loader_count=0
2026-10-03T05:18:08Z C-core-removed web_up port=35108 root_without_token=<redacted>
{"tag":"C-core-removed","action":"routes","/api/hanamesh/core/state":404,"/api/hanamesh/core/health":404,"/hanamesh/apps":404,"installedPlugins":404,"unauthenticatedCoreState":401}
2026-10-03T05:18:09Z C-core-removed stopped_by=SIGINT rc=130
2026-10-03T05:18:10Z D-readd-core50 rc=0 :: /Users/yzliu/work/projects/hanamesh/_deliveries/p06-public-consumer-20261003/worktrees/core-apphost45/docs/acceptance/p06-core-apphost50-rc50/harness/dsh.sh plugin --profile p50 add file:$RUN/home/dsh/profiles/p50/.inputs/hanamesh-core-0.2.0-rc.50.tgz
2026-10-03T05:18:10Z D-installed rc=0 :: sh -c cd '$RUN/home/dsh/profiles/p50/node_modules' && for d in hanamesh-core hanamesh-usage @hanamesh/dsh-app-host @hanamesh/lib-provision; do printf '%s ' $d; grep -m1 '"version"' $d/package.json 2>/dev/null || echo ABSENT; done; shasum -a 256 @hanamesh/dsh-app-host/dist/manager.js hanamesh-core/lib/client.js hanamesh-core/lib/dsh.mjs 2>/dev/null; find . -name package.json -path '*dsh-app-host/package.json' -o -name package.json -path '*hanamesh-usage/package.json' -o -name package.json -path '*hanamesh-core/package.json' | sort
2026-10-03T05:18:10Z D-dump rc=0 :: /Users/yzliu/work/projects/hanamesh/_deliveries/p06-public-consumer-20261003/worktrees/core-apphost45/docs/acceptance/p06-core-apphost50-rc50/harness/dsh.sh --profile p50 --dump-config
542:- id: hanamesh-core
549:- id: hanamesh-usage
556:- id: hanamesh-app-host
D each_hanamesh_loader_count=1
2026-10-03T05:18:12Z D-core50-readded web_up port=35108 root_without_token=<redacted>
{"tag":"D-core50-readded","action":"core","firstHealth":["usage:inactive","app-host:inactive"],"settledAfterMs":2516,"stateStatus":200,"deviceIdPresent":true,"deviceIdPrefix":"c6nxteLY","registration":"failed","consent":"withheld","healthStatus":200,"healthMode":"normal","healthFault":null,"components":[{"id":"usage","status":"satisfied","version":"0.2.0-rc.10","requiredRange":"0.2.0-rc.10"},{"id":"app-host","status":"satisfied","version":"0.1.0-rc.50","requiredRange":"0.1.0-rc.50"}]}
{"tag":"D-core50-readded","action":"routes","/api/hanamesh/core/state":200,"/api/hanamesh/core/health":200,"/hanamesh/apps":200,"installedPlugins":["@hanamesh/lib-provision@0.1.0-rc.1:inactive","hanamesh-core@0.2.0-rc.50:active","zod@4.5.4:inactive"],"unauthenticatedCoreState":401}
{"tag":"D-core50-readded","action":"target","beforeTargetNull":true,"positive":{"status":202,"packageName":"dsh-pet","targetIdSha256":"d20eb7d7b357d745794547d72669f964ef393d8b82a04152db337b7534a0e24c"},"negatives":{"missingHeader":[403,"CSRF_DENIED"],"foreignOrigin":[403,"ORIGIN_DENIED"],"frame":[403,"FRAME_CONTROL_DENIED"],"badHost":{"wireHost":"foreign.invalid","status":403,"code":"HOST_DENIED"},"tooLong":[400,"TARGET_SEARCH_UNSUPPORTED"]},"noCookie":[401,"UNAUTHENTICATED"],"invalidCookie":[401,"UNAUTHENTICATED"],"consumeNegatives":{"missingHeader":[403,"CSRF_DENIED"],"foreignOrigin":[403,"ORIGIN_DENIED"],"frame":[403,"FRAME_CONTROL_DENIED"],"badHost":[403,"HOST_DENIED"],"noCookie":[401,"UNAUTHENTICATED"],"invalidCookie":[401,"UNAUTHENTICATED"]},"rejectedPreservedTarget":true}
{"tag":"D-core50-readded","source":"REAL_HOST + REAL_UI official DSH; local fixture catalog","rootStatus":200,"state":[{"status":"found","text":"已定位 dsh-pet，请确认条目后点击安装。","visible":true}],"exact":[{"id":"p06-pet-exact-1","visible":true},{"id":"p06-pet-exact-2","visible":true}],"targetCleared":true,"consumePosts":1,"installPosts":0,"closePosts":0}
2026-10-03T05:18:18Z D-core50-readded stopped_by=SIGINT rc=130
leftover_dsh_procs=0
gate_done
