
> hanamesh-plugin-identity@0.1.0-rc.1 test
> node --test --test-reporter=tap test/*.test.mjs

TAP version 13
# Subtest: DSH adapter registration and disposal contract fixture (not real DSH)
ok 1 - DSH adapter registration and disposal contract fixture (not real DSH)
  ---
  duration_ms: 252.347639
  type: 'test'
  ...
# Subtest: five distinct session states; success only after verified principal and durable observation
ok 2 - five distinct session states; success only after verified principal and durable observation
  ---
  duration_ms: 60.425919
  type: 'test'
  ...
# Subtest: anonymous 401 means identity service reachable, not unavailable
ok 3 - anonymous 401 means identity service reachable, not unavailable
  ---
  duration_ms: 1.74492
  type: 'test'
  ...
# Subtest: required-login is configurable and never makes protected APIs anonymous
ok 4 - required-login is configurable and never makes protected APIs anonymous
  ---
  duration_ms: 1.568854
  type: 'test'
  ...
# Subtest: restored signed_in sidecar is expired and cannot make any authenticated call
ok 5 - restored signed_in sidecar is expired and cannot make any authenticated call
  ---
  duration_ms: 0.719485
  type: 'test'
  ...
# Subtest: forged sidecar with principal/token fields is rejected; private data is not deleted
ok 6 - forged sidecar with principal/token fields is rejected; private data is not deleted
  ---
  duration_ms: 0.661894
  type: 'test'
  ...
# Subtest: bad login input never reaches the remote
ok 7 - bad login input never reaches the remote
  ---
  duration_ms: 0.94835
  type: 'test'
  ...
# Subtest: login 401 / throttling are distinct from service outage
ok 8 - login 401 / throttling are distinct from service outage
  ---
  duration_ms: 2.669145
  type: 'test'
  ...
# Subtest: 200 login without an HttpOnly cookie never authenticates
ok 9 - 200 login without an HttpOnly cookie never authenticates
  ---
  duration_ms: 1.245779
  type: 'test'
  ...
# Subtest: foreign deployment and unexpected privilege scope are not accepted
ok 10 - foreign deployment and unexpected privilege scope are not accepted
  ---
  duration_ms: 4.758179
  type: 'test'
  ...
# Subtest: A reading B is sent to resource and rejected; identity remains signed in
ok 11 - A reading B is sent to resource and rejected; identity remains signed in
  ---
  duration_ms: 3.152992
  type: 'test'
  ...
# Subtest: revoked session is rechecked before each protected request
ok 12 - revoked session is rechecked before each protected request
  ---
  duration_ms: 2.059094
  type: 'test'
  ...
# Subtest: resource can revoke between identity check and resource request
ok 13 - resource can revoke between identity check and resource request
  ---
  duration_ms: 2.042199
  type: 'test'
  ...
# Subtest: outage blocks NEW protected operations without another remote call
ok 14 - outage blocks NEW protected operations without another remote call
  ---
  duration_ms: 3.555335
  type: 'test'
  ...
# Subtest: unconfirmed sign-out blocks business but allows revocation retry
ok 15 - unconfirmed sign-out blocks business but allows revocation retry
  ---
  duration_ms: 3.288384
  type: 'test'
  ...
# Subtest: cannot confirm an old revocation from a no-op sign-out after restart
ok 16 - cannot confirm an old revocation from a no-op sign-out after restart
  ---
  duration_ms: 0.692337
  type: 'test'
  ...
# Subtest: durability failure cannot publish authenticated state
ok 17 - durability failure cannot publish authenticated state
  ---
  duration_ms: 0.859489
  type: 'test'
  ...
# Subtest: storage already closing never prevents remote sign-out
ok 18 - storage already closing never prevents remote sign-out
  ---
  duration_ms: 1.28009
  type: 'test'
  ...
# Subtest: late login response cannot resurrect after sign-out (abort-ignoring fixture)
ok 19 - late login response cannot resurrect after sign-out (abort-ignoring fixture)
  ---
  duration_ms: 1.041781
  type: 'test'
  ...
# Subtest: late resource response is discarded after logout begins
ok 20 - late resource response is discarded after logout begins
  ---
  duration_ms: 1.717164
  type: 'test'
  ...
# Subtest: observer exceptions cannot roll back state; SDK is a frozen narrow facade
ok 21 - observer exceptions cannot roll back state; SDK is a frozen narrow facade
  ---
  duration_ms: 1.038722
  type: 'test'
  ...
# Subtest: dispose is idempotent, clears access and does not delete private work
ok 22 - dispose is idempotent, clears access and does not delete private work
  ---
  duration_ms: 1.134607
  type: 'test'
  ...
# Subtest: resource responses suppress cookies and token-shaped nested fields
ok 23 - resource responses suppress cookies and token-shaped nested fields
  ---
  duration_ms: 1.564762
  type: 'test'
  ...
# Subtest: revoking a new session cannot clear an older unconfirmed revocation
ok 24 - revoking a new session cannot clear an older unconfirmed revocation
  ---
  duration_ms: 1.503665
  type: 'test'
  ...
# Subtest: X02 fixture: real SIGKILL before-rename
ok 25 - X02 fixture: real SIGKILL before-rename
  ---
  duration_ms: 75.908459
  type: 'test'
  ...
# Subtest: X02 fixture: real SIGKILL after-rename
ok 26 - X02 fixture: real SIGKILL after-rename
  ---
  duration_ms: 87.683356
  type: 'test'
  ...
# Subtest: X03 fixture: SIGKILL login baseline and reversed order
ok 27 - X03 fixture: SIGKILL login baseline and reversed order
  ---
  duration_ms: 398.904726
  type: 'test'
  ...
# Subtest: X03 fixture: SIGKILL logout baseline and reversed order
ok 28 - X03 fixture: SIGKILL logout baseline and reversed order
  ---
  duration_ms: 391.130981
  type: 'test'
  ...
# Subtest: configuration fixes the origin, rejects remote plaintext, userinfo and invalid prefixes
ok 29 - configuration fixes the origin, rejects remote plaintext, userinfo and invalid prefixes
  ---
  duration_ms: 3.608717
  type: 'test'
  ...
# Subtest: path allowlist rejects traversal, forged headers, credential queries and generic auth routes
ok 30 - path allowlist rejects traversal, forged headers, credential queries and generic auth routes
  ---
  duration_ms: 1.733186
  type: 'test'
  ...
# Subtest: identity PATCH consumes only the locked displayName contract
ok 31 - identity PATCH consumes only the locked displayName contract
  ---
  duration_ms: 41.951021
  type: 'test'
  ...
# Subtest: account switch requires an explicit successful logout rather than discarding an active cookie
ok 32 - account switch requires an explicit successful logout rather than discarding an active cookie
  ---
  duration_ms: 7.429804
  type: 'test'
  ...
# Subtest: cookie parser refuses non-HttpOnly, cross-domain, bad prefixes, expiry and duplicate attributes
ok 33 - cookie parser refuses non-HttpOnly, cross-domain, bad prefixes, expiry and duplicate attributes
  ---
  duration_ms: 3.197041
  type: 'test'
  ...
# Subtest: cookie expiry and path scoping do not authenticate /me
ok 34 - cookie expiry and path scoping do not authenticate /me
  ---
  duration_ms: 0.81877
  type: 'test'
  ...
# Subtest: multiple cookies commit together; malformed auth and errors never import a cookie
ok 35 - multiple cookies commit together; malformed auth and errors never import a cookie
  ---
  duration_ms: 1.34976
  type: 'test'
  ...
# Subtest: timeout cannot import a late cookie even from an abort-ignoring implementation
ok 36 - timeout cannot import a late cookie even from an abort-ignoring implementation
  ---
  duration_ms: 25.851927
  type: 'test'
  ...
# Subtest: transport binds fetch receiver, rejects redirects and enforces response size/content type
ok 37 - transport binds fetch receiver, rejects redirects and enforces response size/content type
  ---
  duration_ms: 9.343885
  type: 'test'
  ...
# Subtest: UI routes distinguish method, exact path, origin and Fetch Metadata
ok 38 - UI routes distinguish method, exact path, origin and Fetch Metadata
  ---
  duration_ms: 3.096232
  type: 'test'
  ...
# Subtest: UI body limits, exact fields and error text never return secrets
ok 39 - UI body limits, exact fields and error text never return secrets
  ---
  duration_ms: 2.210464
  type: 'test'
  ...
# Subtest: diagnostics/state never expose password, remote cookie, email or raw auth
ok 40 - diagnostics/state never expose password, remote cookie, email or raw auth
  ---
  duration_ms: 3.226365
  type: 'test'
  ...
# Subtest: SDK is receiver-bound, same-origin and exposes no credential methods
ok 41 - SDK is receiver-bound, same-origin and exposes no credential methods
  ---
  duration_ms: 1.06295
  type: 'test'
  ...
# Subtest: all five views exist without unsafe markup/storage or simulated ui-kit tokens
ok 42 - all five views exist without unsafe markup/storage or simulated ui-kit tokens
  ---
  duration_ms: 15.094059
  type: 'test'
  ...
# Subtest: consistency declaration validates locally and covers one group and both boundaries
ok 43 - consistency declaration validates locally and covers one group and both boundaries
  ---
  duration_ms: 1.19538
  type: 'test'
  ...
1..43
# tests 43
# suites 0
# pass 43
# fail 0
# cancelled 0
# skipped 0
# todo 0
# duration_ms 1067.818927
