npm notice
npm notice 📦  hanamesh-core@0.2.0-rc.53
npm notice Tarball Contents
npm notice 1.1kB LICENSE
npm notice 2.8kB README.md
npm notice 1.1kB consistency.json
npm notice 6.7kB docs/API.md
npm notice 1.4kB docs/CORE_CONTRACT.md
npm notice 1.1kB docs/SECURITY.md
npm notice 26.6kB lib/client.js
npm notice 1.2kB lib/client/index.d.ts
npm notice 24.8kB lib/client/index.js
npm notice 1.4kB lib/contract.d.ts
npm notice 11B lib/contract.js
npm notice 1.5kB lib/contracts.d.ts
npm notice 423B lib/contracts.js
npm notice 3.8kB lib/controller.d.ts
npm notice 22.8kB lib/controller.js
npm notice 401B lib/device.d.ts
npm notice 1.9kB lib/device.js
npm notice 6.1kB lib/dsh.mjs
npm notice 477B lib/errors.d.ts
npm notice 351B lib/errors.js
npm notice 150B lib/external.d.ts
npm notice 865B lib/external.js
npm notice 393B lib/health/evaluate.d.ts
npm notice 3.6kB lib/health/evaluate.js
npm notice 967B lib/health/loader.d.ts
npm notice 3.4kB lib/health/loader.js
npm notice 349B lib/health/service.d.ts
npm notice 1.7kB lib/health/service.js
npm notice 2.5kB lib/health/types.d.ts
npm notice 11B lib/health/types.js
npm notice 983B lib/registration.d.ts
npm notice 3.0kB lib/registration.js
npm notice 863B lib/routes.d.ts
npm notice 6.6kB lib/routes.js
npm notice 235B lib/transport.d.ts
npm notice 2.7kB lib/transport.js
npm notice 346B lib/validation.d.ts
npm notice 2.3kB lib/validation.js
npm notice 3.6kB package.json
npm notice 2.3kB profile.schema.json
npm notice 472B profile/cordis.patch.yml
npm notice 83B profile/core.config.example.json
npm notice 792B profile/suite.profile.json
npm notice 635B types/index.d.ts
npm notice 4.7kB vendor/semver/bin/semver.js
npm notice 3.6kB vendor/semver/classes/comparator.js
npm notice 143B vendor/semver/classes/index.js
npm notice 14.9kB vendor/semver/classes/range.js
npm notice 9.3kB vendor/semver/classes/semver.js
npm notice 205B vendor/semver/functions/clean.js
npm notice 961B vendor/semver/functions/cmp.js
npm notice 2.0kB vendor/semver/functions/coerce.js
npm notice 281B vendor/semver/functions/compare-build.js
npm notice 132B vendor/semver/functions/compare-loose.js
npm notice 170B vendor/semver/functions/compare.js
npm notice 1.4kB vendor/semver/functions/diff.js
npm notice 126B vendor/semver/functions/eq.js
npm notice 124B vendor/semver/functions/gt.js
npm notice 127B vendor/semver/functions/gte.js
npm notice 478B vendor/semver/functions/inc.js
npm notice 124B vendor/semver/functions/lt.js
npm notice 127B vendor/semver/functions/lte.js
npm notice 136B vendor/semver/functions/major.js
npm notice 136B vendor/semver/functions/minor.js
npm notice 128B vendor/semver/functions/neq.js
npm notice 331B vendor/semver/functions/parse.js
npm notice 136B vendor/semver/functions/patch.js
npm notice 234B vendor/semver/functions/prerelease.js
npm notice 132B vendor/semver/functions/rcompare.js
npm notice 163B vendor/semver/functions/rsort.js
npm notice 247B vendor/semver/functions/satisfies.js
npm notice 161B vendor/semver/functions/sort.js
npm notice 176B vendor/semver/functions/valid.js
npm notice 2.6kB vendor/semver/index.js
npm notice 873B vendor/semver/internal/constants.js
npm notice 240B vendor/semver/internal/debug.js
npm notice 424B vendor/semver/internal/identifiers.js
npm notice 802B vendor/semver/internal/lrucache.js
npm notice 338B vendor/semver/internal/parse-options.js
npm notice 8.1kB vendor/semver/internal/re.js
npm notice 765B vendor/semver/LICENSE
npm notice 1.7kB vendor/semver/package.json
npm notice 83B vendor/semver/preload.js
npm notice 619B vendor/semver/range.bnf
npm notice 231B vendor/semver/ranges/gtr.js
npm notice 224B vendor/semver/ranges/intersects.js
npm notice 227B vendor/semver/ranges/ltr.js
npm notice 593B vendor/semver/ranges/max-satisfying.js
npm notice 591B vendor/semver/ranges/min-satisfying.js
npm notice 1.5kB vendor/semver/ranges/min-version.js
npm notice 2.2kB vendor/semver/ranges/outside.js
npm notice 1.4kB vendor/semver/ranges/simplify.js
npm notice 7.5kB vendor/semver/ranges/subset.js
npm notice 282B vendor/semver/ranges/to-comparators.js
npm notice 326B vendor/semver/ranges/valid.js
npm notice 24.8kB vendor/semver/README.md
npm notice 5.1kB vendor/SHA256SUMS
npm notice 4.0kB vendor/srv-identity/API.md
npm notice 1.2kB vendor/srv-identity/contracts.d.ts
npm notice Tarball Details
npm notice name: hanamesh-core
npm notice version: 0.2.0-rc.53
npm notice filename: hanamesh-core-0.2.0-rc.53.tgz
npm notice package size: 80.5 kB
npm notice unpacked size: 252.6 kB
npm notice shasum: 34cb6c816a3b997fe516fd8ca28149b39a4c20db
npm notice integrity: sha512-fssmH8NHNjHok[...]pZv6v/sPFioAA==
npm notice total files: 99
npm notice
hanamesh-core-0.2.0-rc.53.tgz
