TAP version 13
# Subtest: fixed suite health through package inspection and HTTP: current five seeds
not ok 1 - fixed suite health through package inspection and HTTP: current five seeds
  ---
  duration_ms: 22.031375
  type: 'test'
  location: '/Users/yzliu/work/projects/hanamesh/hanamesh-core/test/suite-health-f2.test.mjs:32:3'
  failureType: 'testCodeFailure'
  error: |-
    Expected values to be strictly equal:
    + actual - expected
    
    + '0.1.0-rc.41'
    - '0.2.0-rc.2'
         ^
    
  code: 'ERR_ASSERTION'
  name: 'AssertionError'
  expected: '0.2.0-rc.2'
  actual: '0.1.0-rc.41'
  operator: 'strictEqual'
  stack: |-
    TestContext.<anonymous> (file:///Users/yzliu/work/projects/hanamesh/hanamesh-core/test/suite-health-f2.test.mjs:64:12)
    async Test.run (node:internal/test_runner/test:1110:7)
    async startSubtestAfterBootstrap (node:internal/test_runner/harness:358:3)
  ...
# Subtest: fixed suite health through package inspection and HTTP: wrong current version
not ok 2 - fixed suite health through package inspection and HTTP: wrong current version
  ---
  duration_ms: 5.0395
  type: 'test'
  location: '/Users/yzliu/work/projects/hanamesh/hanamesh-core/test/suite-health-f2.test.mjs:32:3'
  failureType: 'testCodeFailure'
  error: |-
    Expected values to be strictly equal:
    + actual - expected
    
    + '0.1.0-rc.41'
    - '0.2.0-rc.2'
         ^
    
  code: 'ERR_ASSERTION'
  name: 'AssertionError'
  expected: '0.2.0-rc.2'
  actual: '0.1.0-rc.41'
  operator: 'strictEqual'
  stack: |-
    TestContext.<anonymous> (file:///Users/yzliu/work/projects/hanamesh/hanamesh-core/test/suite-health-f2.test.mjs:64:12)
    async Test.run (node:internal/test_runner/test:1110:7)
    async Test.processPendingSubtests (node:internal/test_runner/test:785:7)
  ...
# Subtest: fixed suite health through package inspection and HTTP: legacy pin is rejected
not ok 3 - fixed suite health through package inspection and HTTP: legacy pin is rejected
  ---
  duration_ms: 3.445208
  type: 'test'
  location: '/Users/yzliu/work/projects/hanamesh/hanamesh-core/test/suite-health-f2.test.mjs:32:3'
  failureType: 'testCodeFailure'
  error: |-
    Expected values to be strictly equal:
    + actual - expected
    
    + '0.1.0-rc.41'
    - '0.2.0-rc.2'
         ^
    
  code: 'ERR_ASSERTION'
  name: 'AssertionError'
  expected: '0.2.0-rc.2'
  actual: '0.1.0-rc.41'
  operator: 'strictEqual'
  stack: |-
    TestContext.<anonymous> (file:///Users/yzliu/work/projects/hanamesh/hanamesh-core/test/suite-health-f2.test.mjs:64:12)
    async Test.run (node:internal/test_runner/test:1110:7)
    async Test.processPendingSubtests (node:internal/test_runner/test:785:7)
  ...
# Subtest: fixed suite health through package inspection and HTTP: missing version
not ok 4 - fixed suite health through package inspection and HTTP: missing version
  ---
  duration_ms: 3.352833
  type: 'test'
  location: '/Users/yzliu/work/projects/hanamesh/hanamesh-core/test/suite-health-f2.test.mjs:32:3'
  failureType: 'testCodeFailure'
  error: |-
    Expected values to be strictly equal:
    + actual - expected
    
    + '0.1.0-rc.41'
    - '0.2.0-rc.2'
         ^
    
  code: 'ERR_ASSERTION'
  name: 'AssertionError'
  expected: '0.2.0-rc.2'
  actual: '0.1.0-rc.41'
  operator: 'strictEqual'
  stack: |-
    TestContext.<anonymous> (file:///Users/yzliu/work/projects/hanamesh/hanamesh-core/test/suite-health-f2.test.mjs:64:12)
    async Test.run (node:internal/test_runner/test:1110:7)
    async Test.processPendingSubtests (node:internal/test_runner/test:785:7)
  ...
# Subtest: fixed suite health through package inspection and HTTP: invalid version
not ok 5 - fixed suite health through package inspection and HTTP: invalid version
  ---
  duration_ms: 3.514459
  type: 'test'
  location: '/Users/yzliu/work/projects/hanamesh/hanamesh-core/test/suite-health-f2.test.mjs:32:3'
  failureType: 'testCodeFailure'
  error: |-
    Expected values to be strictly equal:
    + actual - expected
    
    + '0.1.0-rc.41'
    - '0.2.0-rc.2'
         ^
    
  code: 'ERR_ASSERTION'
  name: 'AssertionError'
  expected: '0.2.0-rc.2'
  actual: '0.1.0-rc.41'
  operator: 'strictEqual'
  stack: |-
    TestContext.<anonymous> (file:///Users/yzliu/work/projects/hanamesh/hanamesh-core/test/suite-health-f2.test.mjs:64:12)
    async Test.run (node:internal/test_runner/test:1110:7)
    async Test.processPendingSubtests (node:internal/test_runner/test:785:7)
  ...
# Subtest: fixed suite health through package inspection and HTTP: missing loader entry
not ok 6 - fixed suite health through package inspection and HTTP: missing loader entry
  ---
  duration_ms: 2.993458
  type: 'test'
  location: '/Users/yzliu/work/projects/hanamesh/hanamesh-core/test/suite-health-f2.test.mjs:32:3'
  failureType: 'testCodeFailure'
  error: |-
    Expected values to be strictly equal:
    + actual - expected
    
    + '0.1.0-rc.41'
    - '0.2.0-rc.2'
         ^
    
  code: 'ERR_ASSERTION'
  name: 'AssertionError'
  expected: '0.2.0-rc.2'
  actual: '0.1.0-rc.41'
  operator: 'strictEqual'
  stack: |-
    TestContext.<anonymous> (file:///Users/yzliu/work/projects/hanamesh/hanamesh-core/test/suite-health-f2.test.mjs:64:12)
    async Test.run (node:internal/test_runner/test:1110:7)
    async Test.processPendingSubtests (node:internal/test_runner/test:785:7)
  ...
1..6
# tests 6
# suites 0
# pass 0
# fail 6
# cancelled 0
# skipped 0
# todo 0
# duration_ms 90.296583
