already published: hanamesh-usage@0.2.0-rc.6
npm warn Unknown user config "always-auth". This will stop working in the next major version of npm.
npm notice
npm notice 📦  @hanamesh/dsh-app-host@0.1.0-rc.18
npm notice Tarball Contents
npm notice 2.3kB AGENTS.md
npm notice 1.1kB LICENSE
npm notice 7.2kB README.md
npm notice 2.6kB consistency.json
npm notice 312B dist/client-ui.d.ts
npm notice 16.2kB dist/client-ui.js
npm notice 1.5kB dist/client.d.ts
npm notice 3.3kB dist/client.js
npm notice 591B dist/consistency.js
npm notice 10.8kB dist/descriptor.js
npm notice 1.7kB dist/dsh.d.ts
npm notice 10.6kB dist/dsh.js
npm notice 923B dist/errors.js
npm notice 10.1kB dist/gateway.js
npm notice 5.4kB dist/guardian.js
npm notice 9.8kB dist/index.d.ts
npm notice 682B dist/index.js
npm notice 931B dist/launcher.js
npm notice 7.2kB dist/library/catalog.js
npm notice 449B dist/library/domain.js
npm notice 6.1kB dist/library/install.js
npm notice 2.1kB dist/library/installed.js
npm notice 3.7kB dist/library/routes.js
npm notice 4.9kB dist/library/service.js
npm notice 38.5kB dist/manager.js
npm notice 1.1kB dist/provision/archive.d.ts
npm notice 2.1kB dist/provision/archive.js
npm notice 419B dist/provision/check.d.ts
npm notice 2.5kB dist/provision/check.js
npm notice 779B dist/provision/checkpoints.d.ts
npm notice 843B dist/provision/checkpoints.js
npm notice 63B dist/provision/cli.d.ts
npm notice 7.0kB dist/provision/cli.js
npm notice 836B dist/provision/download.d.ts
npm notice 10.4kB dist/provision/download.js
npm notice 588B dist/provision/errors.d.ts
npm notice 381B dist/provision/errors.js
npm notice 752B dist/provision/extract.d.ts
npm notice 5.8kB dist/provision/extract.js
npm notice 619B dist/provision/fsutil.d.ts
npm notice 2.0kB dist/provision/fsutil.js
npm notice 496B dist/provision/index.d.ts
npm notice 438B dist/provision/index.js
npm notice 969B dist/provision/ledger.d.ts
npm notice 2.0kB dist/provision/ledger.js
npm notice 75B dist/provision/LICENSE
npm notice 620B dist/provision/manifest.d.ts
npm notice 7.6kB dist/provision/manifest.js
npm notice 1.6kB dist/provision/paths.d.ts
npm notice 3.4kB dist/provision/paths.js
npm notice 283B dist/provision/platform.d.ts
npm notice 259B dist/provision/platform.js
npm notice 1.1kB dist/provision/provision.d.ts
npm notice 19.1kB dist/provision/provision.js
npm notice 369B dist/provision/tar.d.ts
npm notice 5.9kB dist/provision/tar.js
npm notice 650B dist/provision/THIRD_PARTY_NOTICES.md
npm notice 5.6kB dist/provision/types.d.ts
npm notice 219B dist/provision/types.js
npm notice 314B dist/provision/zip.d.ts
npm notice 8.6kB dist/provision/zip.js
npm notice 9.7kB dist/router/broker.js
npm notice 1.0kB dist/router/domain.js
npm notice 4.6kB dist/router/routes.js
npm notice 6.1kB dist/router/sources.js
npm notice 5.2kB dist/routes.js
npm notice 10.7kB dist/runtime.js
npm notice 8.6kB dist/store.js
npm notice 2.4kB docs/APP_PACKAGE.md
npm notice 12.2kB docs/CONTRACT.md
npm notice 5.7kB docs/DSH_INTEGRATION.md
npm notice 3.2kB docs/LIBRARY.md
npm notice 2.0kB docs/PROVENANCE.json
npm notice 4.2kB docs/SECURITY.md
npm notice 3.9kB package.json
npm notice 86B profile/cordis.patch.yml
npm notice 8.8kB schemas/catalog-provider-page.schema.json
npm notice 4.4kB schemas/catalog-source.schema.json
npm notice Tarball Details
npm notice name: @hanamesh/dsh-app-host
npm notice version: 0.1.0-rc.18
npm notice filename: hanamesh-dsh-app-host-0.1.0-rc.18.tgz
npm notice package size: 105.4 kB
npm notice unpacked size: 337.7 kB
npm notice shasum: 625b95e49fa5201a35e525a08e401a6ecbc4017f
npm notice integrity: sha512-Fe8srxCLHRbhw[...]RozRXbIi5bKbw==
npm notice total files: 78
npm notice
npm notice Publishing to http://127.0.0.1:4873/ with tag rc and public access
+ @hanamesh/dsh-app-host@0.1.0-rc.18
npm warn Unknown user config "always-auth". This will stop working in the next major version of npm.
npm notice
npm notice 📦  hanamesh-core@0.2.0-rc.20
npm notice Tarball Contents
npm notice 1.1kB LICENSE
npm notice 2.8kB README.md
npm notice 1.1kB consistency.json
npm notice 3.9kB docs/API.md
npm notice 1.4kB docs/CORE_CONTRACT.md
npm notice 1.1kB docs/SECURITY.md
npm notice 13.0kB lib/client.js
npm notice 513B lib/client/index.d.ts
npm notice 12.0kB lib/client/index.js
npm notice 1.4kB lib/contract.d.ts
npm notice 11B lib/contract.js
npm notice 1.3kB lib/contracts.d.ts
npm notice 388B lib/contracts.js
npm notice 1.6kB lib/controller.d.ts
npm notice 13.7kB lib/controller.js
npm notice 401B lib/device.d.ts
npm notice 1.9kB lib/device.js
npm notice 5.9kB lib/dsh.mjs
npm notice 477B lib/errors.d.ts
npm notice 351B lib/errors.js
npm notice 150B lib/external.d.ts
npm notice 865B lib/external.js
npm notice 393B lib/health/evaluate.d.ts
npm notice 3.6kB lib/health/evaluate.js
npm notice 967B lib/health/loader.d.ts
npm notice 3.4kB lib/health/loader.js
npm notice 349B lib/health/service.d.ts
npm notice 1.7kB lib/health/service.js
npm notice 2.5kB lib/health/types.d.ts
npm notice 11B lib/health/types.js
npm notice 313B lib/registration.d.ts
npm notice 1.6kB lib/registration.js
npm notice 712B lib/routes.d.ts
npm notice 5.0kB lib/routes.js
npm notice 235B lib/transport.d.ts
npm notice 2.7kB lib/transport.js
npm notice 346B lib/validation.d.ts
npm notice 2.3kB lib/validation.js
npm notice 3.0kB package.json
npm notice 2.3kB profile.schema.json
npm notice 696B profile/cordis.patch.yml
npm notice 83B profile/core.config.example.json
npm notice 792B profile/suite.profile.json
npm notice 635B types/index.d.ts
npm notice 4.7kB vendor/semver/bin/semver.js
npm notice 3.6kB vendor/semver/classes/comparator.js
npm notice 143B vendor/semver/classes/index.js
npm notice 14.9kB vendor/semver/classes/range.js
npm notice 9.3kB vendor/semver/classes/semver.js
npm notice 205B vendor/semver/functions/clean.js
npm notice 961B vendor/semver/functions/cmp.js
npm notice 2.0kB vendor/semver/functions/coerce.js
npm notice 281B vendor/semver/functions/compare-build.js
npm notice 132B vendor/semver/functions/compare-loose.js
npm notice 170B vendor/semver/functions/compare.js
npm notice 1.4kB vendor/semver/functions/diff.js
npm notice 126B vendor/semver/functions/eq.js
npm notice 124B vendor/semver/functions/gt.js
npm notice 127B vendor/semver/functions/gte.js
npm notice 478B vendor/semver/functions/inc.js
npm notice 124B vendor/semver/functions/lt.js
npm notice 127B vendor/semver/functions/lte.js
npm notice 136B vendor/semver/functions/major.js
npm notice 136B vendor/semver/functions/minor.js
npm notice 128B vendor/semver/functions/neq.js
npm notice 331B vendor/semver/functions/parse.js
npm notice 136B vendor/semver/functions/patch.js
npm notice 234B vendor/semver/functions/prerelease.js
npm notice 132B vendor/semver/functions/rcompare.js
npm notice 163B vendor/semver/functions/rsort.js
npm notice 247B vendor/semver/functions/satisfies.js
npm notice 161B vendor/semver/functions/sort.js
npm notice 176B vendor/semver/functions/valid.js
npm notice 2.6kB vendor/semver/index.js
npm notice 873B vendor/semver/internal/constants.js
npm notice 240B vendor/semver/internal/debug.js
npm notice 424B vendor/semver/internal/identifiers.js
npm notice 802B vendor/semver/internal/lrucache.js
npm notice 338B vendor/semver/internal/parse-options.js
npm notice 8.1kB vendor/semver/internal/re.js
npm notice 765B vendor/semver/LICENSE
npm notice 1.7kB vendor/semver/package.json
npm notice 83B vendor/semver/preload.js
npm notice 619B vendor/semver/range.bnf
npm notice 231B vendor/semver/ranges/gtr.js
npm notice 224B vendor/semver/ranges/intersects.js
npm notice 227B vendor/semver/ranges/ltr.js
npm notice 593B vendor/semver/ranges/max-satisfying.js
npm notice 591B vendor/semver/ranges/min-satisfying.js
npm notice 1.5kB vendor/semver/ranges/min-version.js
npm notice 2.2kB vendor/semver/ranges/outside.js
npm notice 1.4kB vendor/semver/ranges/simplify.js
npm notice 7.5kB vendor/semver/ranges/subset.js
npm notice 282B vendor/semver/ranges/to-comparators.js
npm notice 326B vendor/semver/ranges/valid.js
npm notice 24.8kB vendor/semver/README.md
npm notice 5.1kB vendor/SHA256SUMS
npm notice 4.0kB vendor/srv-identity/API.md
npm notice 1.2kB vendor/srv-identity/contracts.d.ts
npm notice Tarball Details
npm notice name: hanamesh-core
npm notice version: 0.2.0-rc.20
npm notice filename: hanamesh-core-0.2.0-rc.20.tgz
npm notice package size: 67.6 kB
npm notice unpacked size: 206.8 kB
npm notice shasum: 01411bc3a7bf0f1cc312259adb5038efde03c9ef
npm notice integrity: sha512-vXR9m3t9BEfWQ[...]7hOyCkI51AK+Q==
npm notice total files: 99
npm notice
npm notice Publishing to http://127.0.0.1:4873/ with tag rc and public access
+ hanamesh-core@0.2.0-rc.20
{"mode":"REAL_SIBLINGS","registry":"http://127.0.0.1:4873","packages":3}
