
> hanamesh-core@0.2.0-rc.20 test /Users/yzliu/work/projects/hanamesh/hanamesh-core
> node --test --test-reporter=tap test/*.test.mjs

TAP version 13
# Subtest: DSH adapter registration and disposal contract fixture (not real DSH)
ok 1 - DSH adapter registration and disposal contract fixture (not real DSH)
  ---
  duration_ms: 134.660417
  type: 'test'
  ...
# Subtest: open-external rejects foreign origins and reports disabled native opening
ok 2 - open-external rejects foreign origins and reports disabled native opening
  ---
  duration_ms: 23.186708
  type: 'test'
  ...
# Subtest: contribution aggregation preserves unavailable versus real zero
ok 3 - contribution aggregation preserves unavailable versus real zero
  ---
  duration_ms: 1.776167
  type: 'test'
  ...
# Subtest: server responses larger than 1 MiB are rejected before JSON parsing
ok 4 - server responses larger than 1 MiB are rejected before JSON parsing
  ---
  duration_ms: 2.651584
  type: 'test'
  ...
# Subtest: client distribution declares native slots and avoids forbidden layout/link fallbacks
ok 5 - client distribution declares native slots and avoids forbidden layout/link fallbacks
  ---
  duration_ms: 6.240792
  type: 'test'
  ...
# Subtest: account row is state-aware: bound hides the bind button and names the account, unbound keeps it (user 2026-09-20)
ok 6 - account row is state-aware: bound hides the bind button and names the account, unbound keeps it (user 2026-09-20)
  ---
  duration_ms: 1.763667
  type: 'test'
  ...
# Subtest: consent defaults withheld, publishes once, survives restart, isolates and unsubscribes listeners
ok 7 - consent defaults withheld, publishes once, survives restart, isolates and unsubscribes listeners
  ---
  duration_ms: 5.111959
  type: 'test'
  ...
# Subtest: a delayed registration publish cannot restore consent after the user withdraws it
ok 8 - a delayed registration publish cannot restore consent after the user withdraws it
  ---
  duration_ms: 20.696583
  type: 'test'
  ...
# Subtest: LOCAL_FIXTURE kill -9 around device snapshot publication leaves old or complete new state
ok 9 - LOCAL_FIXTURE kill -9 around device snapshot publication leaves old or complete new state
  ---
  duration_ms: 84.974916
  type: 'test'
  ...
# Subtest: LOCAL_FIXTURE kill -9 around health publication leaves old or complete new snapshot
ok 10 - LOCAL_FIXTURE kill -9 around health publication leaves old or complete new snapshot
  ---
  duration_ms: 55.529208
  type: 'test'
  ...
# Subtest: first initialization publishes one complete device snapshot and restart preserves id
ok 11 - first initialization publishes one complete device snapshot and restart preserves id
  ---
  duration_ms: 3.173458
  type: 'test'
  ...
# Subtest: sign returns a verifiable Ed25519 signature and private key never reaches public projections
ok 12 - sign returns a verifiable Ed25519 signature and private key never reaches public projections
  ---
  duration_ms: 3.764958
  type: 'test'
  ...
# Subtest: tampered public key makes every signature path fail closed
ok 13 - tampered public key makes every signature path fail closed
  ---
  duration_ms: 0.725792
  type: 'test'
  ...
# Subtest: health provider feeds the contract, state and explicit recheck route
ok 14 - health provider feeds the contract, state and explicit recheck route
  ---
  duration_ms: 21.906625
  type: 'test'
  ...
# Subtest: state projects health faults and duck-typed usage service readiness
ok 15 - state projects health faults and duck-typed usage service readiness
  ---
  duration_ms: 0.595209
  type: 'test'
  ...
# Subtest: duck-typed Cordis usage lookup distinguishes an available service without a hard inject edge
ok 16 - duck-typed Cordis usage lookup distinguishes an available service without a hard inject edge
  ---
  duration_ms: 1.413916
  type: 'test'
  ...
# Subtest: notice components distinguish present, missing and disabled without restricting healthy core
ok 17 - notice components distinguish present, missing and disabled without restricting healthy core
  ---
  duration_ms: 8.949959
  type: 'test'
  ...
# Subtest: damaged inventory, loader failure and persistence failure are repair snapshots
ok 18 - damaged inventory, loader failure and persistence failure are repair snapshots
  ---
  duration_ms: 0.397333
  type: 'test'
  ...
# Subtest: suite component versions are locked to package dependencies
ok 19 - suite component versions are locked to package dependencies
  ---
  duration_ms: 2.885417
  type: 'test'
  ...
# Subtest: real DSH include-prefixed ids and package root or subpath names match suite components
ok 20 - real DSH include-prefixed ids and package root or subpath names match suite components
  ---
  duration_ms: 0.743916
  type: 'test'
  ...
# Subtest: package integrity accepts the loader subpath when the package root is not exported
ok 21 - package integrity accepts the loader subpath when the package root is not exported
  ---
  duration_ms: 8.1995
  type: 'test'
  ...
# Subtest: registration challenge flow succeeds and repeated registration stays idempotent
ok 22 - registration challenge flow succeeds and repeated registration stays idempotent
  ---
  duration_ms: 20.48775
  type: 'test'
  ...
# Subtest: device id mismatch and upstream failure are persisted as failed observations
ok 23 - device id mismatch and upstream failure are persisted as failed observations
  ---
  duration_ms: 1.119708
  type: 'test'
  ...
# Subtest: offline configuration never emits a request
ok 24 - offline configuration never emits a request
  ---
  duration_ms: 0.207041
  type: 'test'
  ...
# Subtest: registration is never published before the remote registration response
ok 25 - registration is never published before the remote registration response
  ---
  duration_ms: 3.039209
  type: 'test'
  ...
# Subtest: automatic contributions start only after registration succeeds
ok 26 - automatic contributions start only after registration succeeds
  ---
  duration_ms: 2.761333
  type: 'test'
  ...
# Subtest: service contract has exactly ten frozen keys
ok 27 - service contract has exactly ten frozen keys
  ---
  duration_ms: 5.379208
  type: 'test'
  ...
# Subtest: state, consent and diagnostics routes preserve method, origin and secret fences
ok 28 - state, consent and diagnostics routes preserve method, origin and secret fences
  ---
  duration_ms: 15.401
  type: 'test'
  ...
# Subtest: DSH bridge accepts the authenticated carrier Host while rejecting foreign or wrong-port origins
ok 29 - DSH bridge accepts the authenticated carrier Host while rejecting foreign or wrong-port origins
  ---
  duration_ms: 1.178542
  type: 'test'
  ...
# Subtest: package metadata exposes the core bundle and only the two suite dependencies
ok 30 - package metadata exposes the core bundle and only the two suite dependencies
  ---
  duration_ms: 3.503125
  type: 'test'
  ...
# Subtest: real-host boot uses a clean allowlisted environment
ok 31 - real-host boot uses a clean allowlisted environment
  ---
  duration_ms: 0.6085
  type: 'test'
  ...
# Subtest: suite patch declares one insert containing the three canonical ids
ok 32 - suite patch declares one insert containing the three canonical ids
  ---
  duration_ms: 0.728333
  type: 'test'
  ...
# Subtest: legacy login UI and identity names are absent from active source surfaces
ok 33 - legacy login UI and identity names are absent from active source surfaces
  ---
  duration_ms: 23.061959
  type: 'test'
  ...
# Subtest: consistency declaration is renamed to core
ok 34 - consistency declaration is renamed to core
  ---
  duration_ms: 0.402792
  type: 'test'
  ...
# Subtest: registration signs utf8(nonce ‖ publicKey-as-base64url-string), exactly what identity verifies
ok 35 - registration signs utf8(nonce ‖ publicKey-as-base64url-string), exactly what identity verifies
  ---
  duration_ms: 18.77225
  type: 'test'
  ...
# Subtest: signRequest emits Unix-millisecond timestamp and `METHOD|PATH|TIMESTAMP|NONCE|sha256(body)`
ok 36 - signRequest emits Unix-millisecond timestamp and `METHOD|PATH|TIMESTAMP|NONCE|sha256(body)`
  ---
  duration_ms: 1.21625
  type: 'test'
  ...
# Subtest: bind-link returns the website /me/bind URL carrying deviceId, bind nonce and its device signature
ok 37 - bind-link returns the website /me/bind URL carrying deviceId, bind nonce and its device signature
  ---
  duration_ms: 1.364458
  type: 'test'
  ...
# Subtest: contributions response `bound` flows into getSession().bound
ok 38 - contributions response `bound` flows into getSession().bound
  ---
  duration_ms: 0.579667
  type: 'test'
  ...
# Subtest: POST /api/hanamesh/core/refresh bypasses the contribution cache after a bind callback
ok 39 - POST /api/hanamesh/core/refresh bypasses the contribution cache after a bind callback
  ---
  duration_ms: 2.682375
  type: 'test'
  ...
1..39
# tests 39
# suites 0
# pass 39
# fail 0
# cancelled 0
# skipped 0
# todo 0
# duration_ms 187.131917
