TAP version 13
# node:internal/modules/esm/resolve:275
#     throw new ERR_MODULE_NOT_FOUND(
#           ^
# Error [ERR_MODULE_NOT_FOUND]: Cannot find module '/Users/yzliu/.cache/hanamesh-runs/CONTRACT-CORE-V1-01/hanamesh-core/lib/contract-fixtures.js' imported from /Users/yzliu/.cache/hanamesh-runs/CONTRACT-CORE-V1-01/hanamesh-core/test/contract-conformance.test.mjs
#     at finalizeResolution (node:internal/modules/esm/resolve:275:11)
#     at moduleResolve (node:internal/modules/esm/resolve:866:10)
#     at defaultResolve (node:internal/modules/esm/resolve:992:11)
#     at \#cachedDefaultResolve (node:internal/modules/esm/loader:719:20)
#     at \#resolveAndMaybeBlockOnLoaderThread (node:internal/modules/esm/loader:736:38)
#     at ModuleLoader.resolveSync (node:internal/modules/esm/loader:765:52)
#     at \#resolve (node:internal/modules/esm/loader:701:17)
#     at ModuleLoader.getOrCreateModuleJob (node:internal/modules/esm/loader:621:35)
#     at ModuleJob.syncLink (node:internal/modules/esm/module_job:160:33)
#     at ModuleJob.link (node:internal/modules/esm/module_job:245:17) {
#   code: 'ERR_MODULE_NOT_FOUND',
#   url: 'file:///Users/yzliu/.cache/hanamesh-runs/CONTRACT-CORE-V1-01/hanamesh-core/lib/contract-fixtures.js'
# }
# Node.js v24.13.1
# Subtest: test/contract-conformance.test.mjs
not ok 1 - test/contract-conformance.test.mjs
  ---
  duration_ms: 31.882667
  type: 'test'
  location: '/Users/yzliu/.cache/hanamesh-runs/CONTRACT-CORE-V1-01/hanamesh-core/test/contract-conformance.test.mjs:1:1'
  failureType: 'testCodeFailure'
  exitCode: 1
  signal: ~
  error: 'test failed'
  code: 'ERR_TEST_FAILURE'
  ...
1..1
# tests 1
# suites 0
# pass 0
# fail 1
# cancelled 0
# skipped 0
# todo 0
# duration_ms 36.353334
