📦  hanamesh-core@0.2.0-rc.38
Tarball Contents
consistency.json
docs/API.md
docs/CORE_CONTRACT.md
docs/SECURITY.md
lib/client.js
lib/client/index.d.ts
lib/client/index.js
lib/contract.d.ts
lib/contract.js
lib/contracts.d.ts
lib/contracts.js
lib/controller.d.ts
lib/controller.js
lib/device.d.ts
lib/device.js
lib/dsh.mjs
lib/errors.d.ts
lib/errors.js
lib/external.d.ts
lib/external.js
lib/health/evaluate.d.ts
lib/health/evaluate.js
lib/health/loader.d.ts
lib/health/loader.js
lib/health/service.d.ts
lib/health/service.js
lib/health/types.d.ts
lib/health/types.js
lib/registration.d.ts
lib/registration.js
lib/routes.d.ts
lib/routes.js
lib/transport.d.ts
lib/transport.js
lib/validation.d.ts
lib/validation.js
LICENSE
package.json
profile.schema.json
profile/cordis.patch.yml
profile/core.config.example.json
profile/suite.profile.json
README.md
types/index.d.ts
vendor/semver/bin/semver.js
vendor/semver/classes/comparator.js
vendor/semver/classes/index.js
vendor/semver/classes/range.js
vendor/semver/classes/semver.js
vendor/semver/functions/clean.js
vendor/semver/functions/cmp.js
vendor/semver/functions/coerce.js
vendor/semver/functions/compare-build.js
vendor/semver/functions/compare-loose.js
vendor/semver/functions/compare.js
vendor/semver/functions/diff.js
vendor/semver/functions/eq.js
vendor/semver/functions/gt.js
vendor/semver/functions/gte.js
vendor/semver/functions/inc.js
vendor/semver/functions/lt.js
vendor/semver/functions/lte.js
vendor/semver/functions/major.js
vendor/semver/functions/minor.js
vendor/semver/functions/neq.js
vendor/semver/functions/parse.js
vendor/semver/functions/patch.js
vendor/semver/functions/prerelease.js
vendor/semver/functions/rcompare.js
vendor/semver/functions/rsort.js
vendor/semver/functions/satisfies.js
vendor/semver/functions/sort.js
vendor/semver/functions/valid.js
vendor/semver/index.js
vendor/semver/internal/constants.js
vendor/semver/internal/debug.js
vendor/semver/internal/identifiers.js
vendor/semver/internal/lrucache.js
vendor/semver/internal/parse-options.js
vendor/semver/internal/re.js
vendor/semver/LICENSE
vendor/semver/package.json
vendor/semver/preload.js
vendor/semver/range.bnf
vendor/semver/ranges/gtr.js
vendor/semver/ranges/intersects.js
vendor/semver/ranges/ltr.js
vendor/semver/ranges/max-satisfying.js
vendor/semver/ranges/min-satisfying.js
vendor/semver/ranges/min-version.js
vendor/semver/ranges/outside.js
vendor/semver/ranges/simplify.js
vendor/semver/ranges/subset.js
vendor/semver/ranges/to-comparators.js
vendor/semver/ranges/valid.js
vendor/semver/README.md
vendor/SHA256SUMS
vendor/srv-identity/API.md
vendor/srv-identity/contracts.d.ts
Tarball Details
/Users/yzliu/work/projects/hanamesh/_deliveries/product-flow-20260929/branches/consent-points/core-worktree/artifacts/hanamesh-core-0.2.0-rc.38.tgz
