
> hanamesh-plugin-identity@0.1.0-rc.1 test
> node --test --test-reporter=tap test/*.test.mjs

TAP version 13
# Subtest: five distinct session states; success only after verified principal and durable observation
ok 1 - five distinct session states; success only after verified principal and durable observation
  ---
  duration_ms: 43.848531
  type: 'test'
  ...
# Subtest: anonymous 401 means identity service reachable, not unavailable
ok 2 - anonymous 401 means identity service reachable, not unavailable
  ---
  duration_ms: 1.63764
  type: 'test'
  ...
# Subtest: required-login is configurable and never makes protected APIs anonymous
ok 3 - required-login is configurable and never makes protected APIs anonymous
  ---
  duration_ms: 1.357581
  type: 'test'
  ...
# Subtest: restored signed_in sidecar is expired and cannot make any authenticated call
ok 4 - restored signed_in sidecar is expired and cannot make any authenticated call
  ---
  duration_ms: 2.57435
  type: 'test'
  ...
# Subtest: forged sidecar with principal/token fields is rejected; private data is not deleted
ok 5 - forged sidecar with principal/token fields is rejected; private data is not deleted
  ---
  duration_ms: 0.332051
  type: 'test'
  ...
# Subtest: bad login input never reaches the remote
ok 6 - bad login input never reaches the remote
  ---
  duration_ms: 1.315613
  type: 'test'
  ...
# Subtest: login 401 / throttling are distinct from service outage
ok 7 - login 401 / throttling are distinct from service outage
  ---
  duration_ms: 1.689708
  type: 'test'
  ...
# Subtest: 200 login without an HttpOnly cookie never authenticates
ok 8 - 200 login without an HttpOnly cookie never authenticates
  ---
  duration_ms: 1.378461
  type: 'test'
  ...
# Subtest: foreign deployment and unexpected privilege scope are not accepted
ok 9 - foreign deployment and unexpected privilege scope are not accepted
  ---
  duration_ms: 3.546548
  type: 'test'
  ...
# Subtest: A reading B is sent to resource and rejected; identity remains signed in
ok 10 - A reading B is sent to resource and rejected; identity remains signed in
  ---
  duration_ms: 2.246493
  type: 'test'
  ...
# Subtest: revoked session is rechecked before each protected request
ok 11 - revoked session is rechecked before each protected request
  ---
  duration_ms: 2.051738
  type: 'test'
  ...
# Subtest: resource can revoke between identity check and resource request
ok 12 - resource can revoke between identity check and resource request
  ---
  duration_ms: 2.641839
  type: 'test'
  ...
# Subtest: outage blocks NEW protected operations without another remote call
ok 13 - outage blocks NEW protected operations without another remote call
  ---
  duration_ms: 2.568852
  type: 'test'
  ...
# Subtest: unconfirmed sign-out blocks business but allows revocation retry
ok 14 - unconfirmed sign-out blocks business but allows revocation retry
  ---
  duration_ms: 2.704935
  type: 'test'
  ...
# Subtest: cannot confirm an old revocation from a no-op sign-out after restart
ok 15 - cannot confirm an old revocation from a no-op sign-out after restart
  ---
  duration_ms: 0.841033
  type: 'test'
  ...
# Subtest: durability failure cannot publish authenticated state
ok 16 - durability failure cannot publish authenticated state
  ---
  duration_ms: 0.680963
  type: 'test'
  ...
# Subtest: storage already closing never prevents remote sign-out
ok 17 - storage already closing never prevents remote sign-out
  ---
  duration_ms: 1.206065
  type: 'test'
  ...
# Subtest: late login response cannot resurrect after sign-out (abort-ignoring fixture)
ok 18 - late login response cannot resurrect after sign-out (abort-ignoring fixture)
  ---
  duration_ms: 1.101432
  type: 'test'
  ...
# Subtest: late resource response is discarded after logout begins
ok 19 - late resource response is discarded after logout begins
  ---
  duration_ms: 2.015287
  type: 'test'
  ...
# Subtest: observer exceptions cannot roll back state; SDK is a frozen narrow facade
ok 20 - observer exceptions cannot roll back state; SDK is a frozen narrow facade
  ---
  duration_ms: 1.00104
  type: 'test'
  ...
# Subtest: dispose is idempotent, clears access and does not delete private work
ok 21 - dispose is idempotent, clears access and does not delete private work
  ---
  duration_ms: 0.99426
  type: 'test'
  ...
# Subtest: resource responses suppress cookies and token-shaped nested fields
ok 22 - resource responses suppress cookies and token-shaped nested fields
  ---
  duration_ms: 1.908848
  type: 'test'
  ...
# Subtest: configuration fixes the origin, rejects remote plaintext, userinfo and invalid prefixes
ok 23 - configuration fixes the origin, rejects remote plaintext, userinfo and invalid prefixes
  ---
  duration_ms: 1.854094
  type: 'test'
  ...
# Subtest: path allowlist rejects traversal, forged headers, credential queries and generic auth routes
ok 24 - path allowlist rejects traversal, forged headers, credential queries and generic auth routes
  ---
  duration_ms: 1.137861
  type: 'test'
  ...
# Subtest: identity PATCH consumes only the locked displayName contract
ok 25 - identity PATCH consumes only the locked displayName contract
  ---
  duration_ms: 35.826359
  type: 'test'
  ...
# Subtest: account switch requires an explicit successful logout rather than discarding an active cookie
ok 26 - account switch requires an explicit successful logout rather than discarding an active cookie
  ---
  duration_ms: 4.263019
  type: 'test'
  ...
# Subtest: cookie parser refuses non-HttpOnly, cross-domain, bad prefixes, expiry and duplicate attributes
ok 27 - cookie parser refuses non-HttpOnly, cross-domain, bad prefixes, expiry and duplicate attributes
  ---
  duration_ms: 2.898289
  type: 'test'
  ...
# Subtest: cookie expiry and path scoping do not authenticate /me
ok 28 - cookie expiry and path scoping do not authenticate /me
  ---
  duration_ms: 0.903749
  type: 'test'
  ...
# Subtest: multiple cookies commit together; malformed auth and errors never import a cookie
ok 29 - multiple cookies commit together; malformed auth and errors never import a cookie
  ---
  duration_ms: 1.537787
  type: 'test'
  ...
# Subtest: timeout cannot import a late cookie even from an abort-ignoring implementation
ok 30 - timeout cannot import a late cookie even from an abort-ignoring implementation
  ---
  duration_ms: 25.179392
  type: 'test'
  ...
# Subtest: transport binds fetch receiver, rejects redirects and enforces response size/content type
ok 31 - transport binds fetch receiver, rejects redirects and enforces response size/content type
  ---
  duration_ms: 11.038543
  type: 'test'
  ...
# Subtest: UI routes distinguish method, exact path, origin and Fetch Metadata
ok 32 - UI routes distinguish method, exact path, origin and Fetch Metadata
  ---
  duration_ms: 4.220348
  type: 'test'
  ...
# Subtest: UI body limits, exact fields and error text never return secrets
ok 33 - UI body limits, exact fields and error text never return secrets
  ---
  duration_ms: 3.17264
  type: 'test'
  ...
# Subtest: diagnostics/state never expose password, remote cookie, email or raw auth
ok 34 - diagnostics/state never expose password, remote cookie, email or raw auth
  ---
  duration_ms: 1.971728
  type: 'test'
  ...
# Subtest: SDK is receiver-bound, same-origin and exposes no credential methods
ok 35 - SDK is receiver-bound, same-origin and exposes no credential methods
  ---
  duration_ms: 1.659908
  type: 'test'
  ...
# Subtest: all five views exist without unsafe markup/storage or simulated ui-kit tokens
not ok 36 - all five views exist without unsafe markup/storage or simulated ui-kit tokens
  ---
  duration_ms: 18.039109
  type: 'test'
  location: '/mnt/data/hanamesh-plugin-identity/test/edges.test.mjs:113:1'
  failureType: 'testCodeFailure'
  error: |-
    The expression evaluated to a falsy value:
    
      assert.ok(!/innerHTML|localStorage|sessionStorage|document\.cookie/.test(ui))
    
  code: 'ERR_ASSERTION'
  name: 'AssertionError'
  expected: true
  actual: false
  operator: '=='
  stack: |-
    TestContext.<anonymous> (file:///mnt/data/hanamesh-plugin-identity/test/edges.test.mjs:118:10)
    async Test.run (node:internal/test_runner/test:1054:7)
    async Test.processPendingSubtests (node:internal/test_runner/test:744:7)
  ...
# Subtest: consistency declaration validates locally and covers one group and both boundaries
ok 37 - consistency declaration validates locally and covers one group and both boundaries
  ---
  duration_ms: 5.459613
  type: 'test'
  ...
1..37
# tests 37
# suites 0
# pass 36
# fail 1
# cancelled 0
# skipped 0
# todo 0
# duration_ms 204.276803
