2026-10-03T00:27:22Z A-add-core49 rc=0 :: /Users/yzliu/work/projects/hanamesh/_deliveries/p06-public-consumer-20261003/worktrees/core-apphost45/docs/acceptance/p06-core-apphost45-rc49/harness/dsh.sh plugin --profile p49 add file:$RUN/home/dsh/profiles/p49/.inputs/hanamesh-core-0.2.0-rc.49.tgz
2026-10-03T00:27:22Z A-installed rc=0 :: sh -c cd '$RUN/home/dsh/profiles/p49/node_modules' && for d in hanamesh-core hanamesh-usage @hanamesh/dsh-app-host @hanamesh/lib-provision; do printf '%s ' $d; grep -m1 '"version"' $d/package.json 2>/dev/null || echo ABSENT; done; shasum -a 256 @hanamesh/dsh-app-host/dist/manager.js hanamesh-core/lib/client.js hanamesh-core/lib/dsh.mjs 2>/dev/null; find . -name package.json -path '*dsh-app-host/package.json' -o -name package.json -path '*hanamesh-usage/package.json' -o -name package.json -path '*hanamesh-core/package.json' | sort
2026-10-03T00:27:22Z A-dump rc=0 :: /Users/yzliu/work/projects/hanamesh/_deliveries/p06-public-consumer-20261003/worktrees/core-apphost45/docs/acceptance/p06-core-apphost45-rc49/harness/dsh.sh --profile p49 --dump-config
542:- id: hanamesh-core
549:- id: hanamesh-usage
555:- id: hanamesh-app-host
A each_hanamesh_loader_count=1
2026-10-03T00:27:25Z B-core49 web_up port=64962 root_without_token=401
{"tag":"B-core49","action":"core","firstHealth":["usage:inactive","app-host:inactive"],"settledAfterMs":2519,"stateStatus":200,"deviceIdPresent":true,"deviceIdPrefix":"ylcLj34_","registration":"failed","consent":"withheld","healthStatus":200,"healthMode":"normal","healthFault":null,"components":[{"id":"usage","status":"satisfied","version":"0.2.0-rc.10","requiredRange":"0.2.0-rc.10"},{"id":"app-host","status":"satisfied","version":"0.1.0-rc.45","requiredRange":"0.1.0-rc.45"}]}
{"tag":"B-core49","action":"routes","/api/hanamesh/core/state":200,"/api/hanamesh/core/health":200,"/hanamesh/apps":200,"installedPlugins":["@hanamesh/lib-provision@0.1.0-rc.1:inactive","hanamesh-core@0.2.0-rc.49:active","zod@4.5.4:inactive"],"unauthenticatedCoreState":401}
{"tag":"B-core49","action":"target","beforeTargetNull":true,"positive":{"status":202,"packageName":"dsh-pet","targetIdSha256":"d05f1152ec6f5a07c9bbacfeb5e167980b9e997d010bdce5490a027581a42026"},"negatives":{"missingHeader":[403,"CSRF_DENIED"],"foreignOrigin":[403,"ORIGIN_DENIED"],"frame":[403,"FRAME_CONTROL_DENIED"],"badHost":{"wireHost":"foreign.invalid","status":403,"code":"HOST_DENIED"},"tooLong":[400,"TARGET_SEARCH_UNSUPPORTED"]},"rejectedPreservedTarget":true}
2026-10-03T00:27:29Z B-core49 stopped_by=SIGINT rc=130
B duplicate_lines=0
2026-10-03T00:27:30Z C-remove-core rc=0 :: /Users/yzliu/work/projects/hanamesh/_deliveries/p06-public-consumer-20261003/worktrees/core-apphost45/docs/acceptance/p06-core-apphost45-rc49/harness/dsh.sh plugin --profile p49 remove hanamesh-core
2026-10-03T00:27:30Z C-installed rc=0 :: sh -c cd '$RUN/home/dsh/profiles/p49/node_modules' && for d in hanamesh-core hanamesh-usage @hanamesh/dsh-app-host @hanamesh/lib-provision; do printf '%s ' $d; grep -m1 '"version"' $d/package.json 2>/dev/null || echo ABSENT; done; shasum -a 256 @hanamesh/dsh-app-host/dist/manager.js hanamesh-core/lib/client.js hanamesh-core/lib/dsh.mjs 2>/dev/null; find . -name package.json -path '*dsh-app-host/package.json' -o -name package.json -path '*hanamesh-usage/package.json' -o -name package.json -path '*hanamesh-core/package.json' | sort
2026-10-03T00:27:30Z C-dump rc=0 :: /Users/yzliu/work/projects/hanamesh/_deliveries/p06-public-consumer-20261003/worktrees/core-apphost45/docs/acceptance/p06-core-apphost45-rc49/harness/dsh.sh --profile p49 --dump-config
C each_hanamesh_loader_count=0
2026-10-03T00:27:32Z C-core-removed web_up port=64962 root_without_token=401
{"tag":"C-core-removed","action":"routes","/api/hanamesh/core/state":404,"/api/hanamesh/core/health":404,"/hanamesh/apps":404,"installedPlugins":404,"unauthenticatedCoreState":401}
2026-10-03T00:27:33Z C-core-removed stopped_by=SIGINT rc=130
2026-10-03T00:27:34Z D-readd-core49 rc=0 :: /Users/yzliu/work/projects/hanamesh/_deliveries/p06-public-consumer-20261003/worktrees/core-apphost45/docs/acceptance/p06-core-apphost45-rc49/harness/dsh.sh plugin --profile p49 add file:$RUN/home/dsh/profiles/p49/.inputs/hanamesh-core-0.2.0-rc.49.tgz
2026-10-03T00:27:34Z D-installed rc=0 :: sh -c cd '$RUN/home/dsh/profiles/p49/node_modules' && for d in hanamesh-core hanamesh-usage @hanamesh/dsh-app-host @hanamesh/lib-provision; do printf '%s ' $d; grep -m1 '"version"' $d/package.json 2>/dev/null || echo ABSENT; done; shasum -a 256 @hanamesh/dsh-app-host/dist/manager.js hanamesh-core/lib/client.js hanamesh-core/lib/dsh.mjs 2>/dev/null; find . -name package.json -path '*dsh-app-host/package.json' -o -name package.json -path '*hanamesh-usage/package.json' -o -name package.json -path '*hanamesh-core/package.json' | sort
2026-10-03T00:27:34Z D-dump rc=0 :: /Users/yzliu/work/projects/hanamesh/_deliveries/p06-public-consumer-20261003/worktrees/core-apphost45/docs/acceptance/p06-core-apphost45-rc49/harness/dsh.sh --profile p49 --dump-config
542:- id: hanamesh-core
549:- id: hanamesh-usage
555:- id: hanamesh-app-host
D each_hanamesh_loader_count=1
2026-10-03T00:27:36Z D-core49-readded web_up port=64962 root_without_token=401
{"tag":"D-core49-readded","action":"core","firstHealth":["usage:inactive","app-host:inactive"],"settledAfterMs":2012,"stateStatus":200,"deviceIdPresent":true,"deviceIdPrefix":"ylcLj34_","registration":"failed","consent":"withheld","healthStatus":200,"healthMode":"normal","healthFault":null,"components":[{"id":"usage","status":"satisfied","version":"0.2.0-rc.10","requiredRange":"0.2.0-rc.10"},{"id":"app-host","status":"satisfied","version":"0.1.0-rc.45","requiredRange":"0.1.0-rc.45"}]}
{"tag":"D-core49-readded","action":"routes","/api/hanamesh/core/state":200,"/api/hanamesh/core/health":200,"/hanamesh/apps":200,"installedPlugins":["@hanamesh/lib-provision@0.1.0-rc.1:inactive","hanamesh-core@0.2.0-rc.49:active","zod@4.5.4:inactive"],"unauthenticatedCoreState":401}
{"tag":"D-core49-readded","action":"target","beforeTargetNull":true,"positive":{"status":202,"packageName":"dsh-pet","targetIdSha256":"0ccc379d81330e5b66c5ee5a12708dc6e7efaa25393768660cb5ab45d2067947"},"negatives":{"missingHeader":[403,"CSRF_DENIED"],"foreignOrigin":[403,"ORIGIN_DENIED"],"frame":[403,"FRAME_CONTROL_DENIED"],"badHost":{"wireHost":"foreign.invalid","status":403,"code":"HOST_DENIED"},"tooLong":[400,"TARGET_SEARCH_UNSUPPORTED"]},"rejectedPreservedTarget":true}
2026-10-03T00:27:39Z D-core49-readded stopped_by=SIGINT rc=130
leftover_dsh_procs=0
gate_done
