TAP version 13
# Subtest: notice components distinguish present, missing and disabled without restricting healthy core
ok 1 - notice components distinguish present, missing and disabled without restricting healthy core
  ---
  duration_ms: 3.365458
  type: 'test'
  ...
# Subtest: pinned AppHost rc.50 is satisfied and the superseded rc.45 is incompatible
not ok 2 - pinned AppHost rc.50 is satisfied and the superseded rc.45 is incompatible
  ---
  duration_ms: 0.52425
  type: 'test'
  location: '/Users/yzliu/work/projects/hanamesh/_deliveries/p06-public-consumer-20261003/worktrees/core-apphost45/test/health.test.mjs:28:1'
  failureType: 'testCodeFailure'
  error: |-
    0.1.0-rc.50
    + actual - expected
    
    + 'incompatible'
    - 'satisfied'
    
  code: 'ERR_ASSERTION'
  name: 'AssertionError'
  expected: 'satisfied'
  actual: 'incompatible'
  operator: 'strictEqual'
  stack: |-
    TestContext.<anonymous> (file:///Users/yzliu/work/projects/hanamesh/_deliveries/p06-public-consumer-20261003/worktrees/core-apphost45/test/health.test.mjs:33:12)
    async Test.run (node:internal/test_runner/test:1110:7)
    async Test.processPendingSubtests (node:internal/test_runner/test:785:7)
  ...
# Subtest: damaged inventory, loader failure and persistence failure are repair snapshots
ok 3 - damaged inventory, loader failure and persistence failure are repair snapshots
  ---
  duration_ms: 0.358917
  type: 'test'
  ...
# Subtest: suite component versions are locked to package dependencies
ok 4 - suite component versions are locked to package dependencies
  ---
  duration_ms: 2.528792
  type: 'test'
  ...
# Subtest: real DSH include-prefixed ids and package root or subpath names match suite components
ok 5 - real DSH include-prefixed ids and package root or subpath names match suite components
  ---
  duration_ms: 0.250875
  type: 'test'
  ...
# Subtest: package integrity accepts the loader subpath when the package root is not exported
ok 6 - package integrity accepts the loader subpath when the package root is not exported
  ---
  duration_ms: 4.624917
  type: 'test'
  ...
1..6
# tests 6
# suites 0
# pass 5
# fail 1
# cancelled 0
# skipped 0
# todo 0
# duration_ms 62.915292
