2026-10-03T00:25:38Z A-add-core49 rc=0 :: /Users/yzliu/work/projects/hanamesh/_deliveries/p06-public-consumer-20261003/worktrees/core-apphost45/docs/acceptance/p06-core-apphost45-rc49/harness/dsh.sh plugin --profile p49 add file:$RUN/home/dsh/profiles/p49/.inputs/hanamesh-core-0.2.0-rc.49.tgz
2026-10-03T00:25:38Z A-installed rc=0 :: sh -c cd '$RUN/home/dsh/profiles/p49/node_modules' && for d in hanamesh-core hanamesh-usage @hanamesh/dsh-app-host @hanamesh/lib-provision; do printf '%s ' $d; grep -m1 '"version"' $d/package.json 2>/dev/null || echo ABSENT; done; shasum -a 256 @hanamesh/dsh-app-host/dist/manager.js hanamesh-core/lib/client.js hanamesh-core/lib/dsh.mjs 2>/dev/null; find . -name package.json -path '*dsh-app-host/package.json' -o -name package.json -path '*hanamesh-usage/package.json' -o -name package.json -path '*hanamesh-core/package.json' | sort
2026-10-03T00:25:38Z A-dump rc=0 :: /Users/yzliu/work/projects/hanamesh/_deliveries/p06-public-consumer-20261003/worktrees/core-apphost45/docs/acceptance/p06-core-apphost45-rc49/harness/dsh.sh --profile p49 --dump-config
542:- id: hanamesh-core
549:- id: hanamesh-usage
555:- id: hanamesh-app-host
A each_hanamesh_loader_count=1
2026-10-03T00:25:41Z B-core49 web_up port=64797 root_without_token=401
{"tag":"B-core49","action":"core","firstHealth":["usage:inactive","app-host:inactive"],"settledAfterMs":2519,"stateStatus":200,"deviceIdPresent":true,"deviceIdPrefix":"RBLIhXq2","registration":"failed","consent":"withheld","healthStatus":200,"healthMode":"normal","healthFault":null,"components":[{"id":"usage","status":"satisfied","version":"0.2.0-rc.10","requiredRange":"0.2.0-rc.10"},{"id":"app-host","status":"satisfied","version":"0.1.0-rc.45","requiredRange":"0.1.0-rc.45"}]}
{"tag":"B-core49","action":"routes","/api/hanamesh/core/state":200,"/api/hanamesh/core/health":200,"/hanamesh/apps":200,"installedPlugins":["@hanamesh/lib-provision@0.1.0-rc.1:inactive","hanamesh-core@0.2.0-rc.49:active","zod@4.5.4:inactive"],"unauthenticatedCoreState":401}
node:internal/modules/run_main:107
    triggerUncaughtException(
    ^

AssertionError [ERR_ASSERTION]: Expected values to be strictly deep-equal:
+ actual - expected

  [
+   202,
+   null
-   403,
-   'HOST_DENIED'
  ]

    at file:///Users/yzliu/work/projects/hanamesh/_deliveries/p06-public-consumer-20261003/worktrees/core-apphost45/docs/acceptance/p06-core-apphost45-rc49/harness/probe.mjs:51:10
    at process.processTicksAndRejections (node:internal/process/task_queues:103:5) {
  generatedMessage: true,
  code: 'ERR_ASSERTION',
  actual: [ 202, null ],
  expected: [ 403, 'HOST_DENIED' ],
  operator: 'deepStrictEqual',
  diff: 'simple'
}

Node.js v24.13.1
2026-10-03T00:25:45Z B-core49 stopped_by=SIGINT rc=130
B duplicate_lines=0
2026-10-03T00:25:46Z C-remove-core rc=0 :: /Users/yzliu/work/projects/hanamesh/_deliveries/p06-public-consumer-20261003/worktrees/core-apphost45/docs/acceptance/p06-core-apphost45-rc49/harness/dsh.sh plugin --profile p49 remove hanamesh-core
2026-10-03T00:25:46Z C-installed rc=0 :: sh -c cd '$RUN/home/dsh/profiles/p49/node_modules' && for d in hanamesh-core hanamesh-usage @hanamesh/dsh-app-host @hanamesh/lib-provision; do printf '%s ' $d; grep -m1 '"version"' $d/package.json 2>/dev/null || echo ABSENT; done; shasum -a 256 @hanamesh/dsh-app-host/dist/manager.js hanamesh-core/lib/client.js hanamesh-core/lib/dsh.mjs 2>/dev/null; find . -name package.json -path '*dsh-app-host/package.json' -o -name package.json -path '*hanamesh-usage/package.json' -o -name package.json -path '*hanamesh-core/package.json' | sort
2026-10-03T00:25:46Z C-dump rc=0 :: /Users/yzliu/work/projects/hanamesh/_deliveries/p06-public-consumer-20261003/worktrees/core-apphost45/docs/acceptance/p06-core-apphost45-rc49/harness/dsh.sh --profile p49 --dump-config
C each_hanamesh_loader_count=0
2026-10-03T00:25:48Z C-core-removed web_up port=64797 root_without_token=401
{"tag":"C-core-removed","action":"routes","/api/hanamesh/core/state":404,"/api/hanamesh/core/health":404,"/hanamesh/apps":404,"installedPlugins":404,"unauthenticatedCoreState":401}
2026-10-03T00:25:49Z C-core-removed stopped_by=SIGINT rc=130
2026-10-03T00:25:50Z D-readd-core49 rc=0 :: /Users/yzliu/work/projects/hanamesh/_deliveries/p06-public-consumer-20261003/worktrees/core-apphost45/docs/acceptance/p06-core-apphost45-rc49/harness/dsh.sh plugin --profile p49 add file:$RUN/home/dsh/profiles/p49/.inputs/hanamesh-core-0.2.0-rc.49.tgz
2026-10-03T00:25:50Z D-installed rc=0 :: sh -c cd '$RUN/home/dsh/profiles/p49/node_modules' && for d in hanamesh-core hanamesh-usage @hanamesh/dsh-app-host @hanamesh/lib-provision; do printf '%s ' $d; grep -m1 '"version"' $d/package.json 2>/dev/null || echo ABSENT; done; shasum -a 256 @hanamesh/dsh-app-host/dist/manager.js hanamesh-core/lib/client.js hanamesh-core/lib/dsh.mjs 2>/dev/null; find . -name package.json -path '*dsh-app-host/package.json' -o -name package.json -path '*hanamesh-usage/package.json' -o -name package.json -path '*hanamesh-core/package.json' | sort
2026-10-03T00:25:50Z D-dump rc=0 :: /Users/yzliu/work/projects/hanamesh/_deliveries/p06-public-consumer-20261003/worktrees/core-apphost45/docs/acceptance/p06-core-apphost45-rc49/harness/dsh.sh --profile p49 --dump-config
542:- id: hanamesh-core
549:- id: hanamesh-usage
555:- id: hanamesh-app-host
D each_hanamesh_loader_count=1
2026-10-03T00:25:52Z D-core49-readded web_up port=64797 root_without_token=401
{"tag":"D-core49-readded","action":"core","firstHealth":["usage:inactive","app-host:inactive"],"settledAfterMs":2518,"stateStatus":200,"deviceIdPresent":true,"deviceIdPrefix":"RBLIhXq2","registration":"failed","consent":"withheld","healthStatus":200,"healthMode":"normal","healthFault":null,"components":[{"id":"usage","status":"satisfied","version":"0.2.0-rc.10","requiredRange":"0.2.0-rc.10"},{"id":"app-host","status":"satisfied","version":"0.1.0-rc.45","requiredRange":"0.1.0-rc.45"}]}
{"tag":"D-core49-readded","action":"routes","/api/hanamesh/core/state":200,"/api/hanamesh/core/health":200,"/hanamesh/apps":200,"installedPlugins":["@hanamesh/lib-provision@0.1.0-rc.1:inactive","hanamesh-core@0.2.0-rc.49:active","zod@4.5.4:inactive"],"unauthenticatedCoreState":401}
node:internal/modules/run_main:107
    triggerUncaughtException(
    ^

AssertionError [ERR_ASSERTION]: Expected values to be strictly deep-equal:
+ actual - expected

  [
+   202,
+   null
-   403,
-   'HOST_DENIED'
  ]

    at file:///Users/yzliu/work/projects/hanamesh/_deliveries/p06-public-consumer-20261003/worktrees/core-apphost45/docs/acceptance/p06-core-apphost45-rc49/harness/probe.mjs:51:10
    at process.processTicksAndRejections (node:internal/process/task_queues:103:5) {
  generatedMessage: true,
  code: 'ERR_ASSERTION',
  actual: [ 202, null ],
  expected: [ 403, 'HOST_DENIED' ],
  operator: 'deepStrictEqual',
  diff: 'simple'
}

Node.js v24.13.1
2026-10-03T00:25:56Z D-core49-readded stopped_by=SIGINT rc=130
leftover_dsh_procs=0
gate_done
