npm notice
npm notice 📦  zod@4.5.4
npm notice Tarball Contents
npm notice 1.1kB LICENSE
npm notice 7.3kB README.md
npm notice 4.2kB compile.cjs
npm notice 11B compile.d.cts
npm notice 11B compile.d.ts
npm notice 3.0kB compile.js
npm notice 1.5kB index.cjs
npm notice 119B index.d.cts
npm notice 117B index.d.ts
npm notice 422B index.js
npm notice 816B locales/index.cjs
npm notice 41B locales/index.d.cts
npm notice 40B locales/index.d.ts
npm notice 40B locales/index.js
npm notice 127B locales/package.json
npm notice 1.5kB mini/index.cjs
npm notice 101B mini/index.d.cts
npm notice 99B mini/index.d.ts
npm notice 99B mini/index.js
npm notice 127B mini/package.json
npm notice 4.1kB package.json
npm notice 2.9kB src/compile.ts
npm notice 422B src/index.ts
npm notice 40B src/locales/index.ts
npm notice 99B src/mini/index.ts
npm notice 1.9kB src/v3/benchmarks/datetime.ts
npm notice 1.6kB src/v3/benchmarks/discriminatedUnion.ts
npm notice 1.6kB src/v3/benchmarks/index.ts
npm notice 1.8kB src/v3/benchmarks/ipv4.ts
npm notice 1.6kB src/v3/benchmarks/object.ts
npm notice 3.5kB src/v3/benchmarks/primitives.ts
npm notice 1.2kB src/v3/benchmarks/realworld.ts
npm notice 1.3kB src/v3/benchmarks/string.ts
npm notice 1.5kB src/v3/benchmarks/union.ts
npm notice 305B src/v3/errors.ts
npm notice 205B src/v3/external.ts
npm notice 604B src/v3/helpers/enumUtil.ts
npm notice 408B src/v3/helpers/errorUtil.ts
npm notice 5.3kB src/v3/helpers/parseUtil.ts
npm notice 1.0kB src/v3/helpers/partialUtil.ts
npm notice 135B src/v3/helpers/typeAliases.ts
npm notice 6.2kB src/v3/helpers/util.ts
npm notice 99B src/v3/index.ts
npm notice 5.1kB src/v3/locales/en.ts
npm notice 2.7kB src/v3/standard-schema.ts
npm notice 4.7kB src/v3/tests/all-errors.test.ts
npm notice 673B src/v3/tests/anyunknown.test.ts
npm notice 1.9kB src/v3/tests/array.test.ts
npm notice 12.6kB src/v3/tests/async-parsing.test.ts
npm notice 1.6kB src/v3/tests/async-refinements.test.ts
npm notice 782B src/v3/tests/base.test.ts
npm notice 2.0kB src/v3/tests/bigint.test.ts
npm notice 1.7kB src/v3/tests/branded.test.ts
npm notice 6.5kB src/v3/tests/catch.test.ts
npm notice 6.7kB src/v3/tests/coerce.test.ts
npm notice 2.5kB src/v3/tests/complex.test.ts
npm notice 950B src/v3/tests/custom.test.ts
npm notice 983B src/v3/tests/date.test.ts
npm notice 5.2kB src/v3/tests/deepmasking.test.ts
npm notice 3.5kB src/v3/tests/default.test.ts
npm notice 1.3kB src/v3/tests/description.test.ts
npm notice 8.5kB src/v3/tests/discriminated-unions.test.ts
npm notice 2.7kB src/v3/tests/enum.test.ts
npm notice 18.3kB src/v3/tests/error.test.ts
npm notice 2.4kB src/v3/tests/firstparty.test.ts
npm notice 788B src/v3/tests/firstpartyschematypes.test.ts
npm notice 6.7kB src/v3/tests/function.test.ts
npm notice 1.5kB src/v3/tests/generics.test.ts
npm notice 1.2kB src/v3/tests/instanceof.test.ts
npm notice 3.8kB src/v3/tests/intersection.test.ts
npm notice 1.3kB src/v3/tests/language-server.source.ts
npm notice 8.3kB src/v3/tests/language-server.test.ts
npm notice 1.1kB src/v3/tests/literal.test.ts
npm notice 3.5kB src/v3/tests/map.test.ts
npm notice 85B src/v3/tests/masking.test.ts
npm notice 389B src/v3/tests/mocker.test.ts
npm notice 1.3kB src/v3/tests/Mocker.ts
npm notice 708B src/v3/tests/nan.test.ts
npm notice 2.3kB src/v3/tests/nativeEnum.test.ts
npm notice 1.2kB src/v3/tests/nullable.test.ts
npm notice 6.4kB src/v3/tests/number.test.ts
npm notice 569B src/v3/tests/object-augmentation.test.ts
npm notice 778B src/v3/tests/object-in-es5-env.test.ts
npm notice 11.8kB src/v3/tests/object.test.ts
npm notice 1.2kB src/v3/tests/optional.test.ts
npm notice 1.1kB src/v3/tests/parser.test.ts
npm notice 869B src/v3/tests/parseUtil.test.ts
npm notice 7.0kB src/v3/tests/partials.test.ts
npm notice 3.6kB src/v3/tests/pickomit.test.ts
npm notice 823B src/v3/tests/pipeline.test.ts
npm notice 4.5kB src/v3/tests/preprocess.test.ts
npm notice 12.2kB src/v3/tests/primitive.test.ts
npm notice 2.5kB src/v3/tests/promise.test.ts
npm notice 4.6kB src/v3/tests/readonly.test.ts
npm notice 3.7kB src/v3/tests/record.test.ts
npm notice 3.9kB src/v3/tests/recursive.test.ts
npm notice 8.2kB src/v3/tests/refine.test.ts
npm notice 628B src/v3/tests/safeparse.test.ts
npm notice 4.8kB src/v3/tests/set.test.ts
npm notice 2.6kB src/v3/tests/standard-schema.test.ts
npm notice 66.0kB src/v3/tests/string.test.ts
npm notice 5.7kB src/v3/tests/transformer.test.ts
npm notice 2.7kB src/v3/tests/tuple.test.ts
npm notice 1.5kB src/v3/tests/unions.test.ts
npm notice 3.8kB src/v3/tests/validations.test.ts
npm notice 349B src/v3/tests/void.test.ts
npm notice 160.4kB src/v3/types.ts
npm notice 9.5kB src/v3/ZodError.ts
npm notice 99B src/v4-mini/index.ts
npm notice 790B src/v4/classic/checks.ts
npm notice 1.5kB src/v4/classic/coerce.ts
npm notice 2.8kB src/v4/classic/compat.ts
npm notice 3.6kB src/v4/classic/deep-partial.ts
npm notice 4.1kB src/v4/classic/errors.ts
npm notice 1.4kB src/v4/classic/external.ts
npm notice 27.1kB src/v4/classic/from-json-schema.ts
npm notice 2.7kB src/v4/classic/in-out.ts
npm notice 178B src/v4/classic/index.ts
npm notice 753B src/v4/classic/iso.ts
npm notice 3.6kB src/v4/classic/parse.ts
npm notice 99.2kB src/v4/classic/schemas.ts
npm notice 639B src/v4/classic/tests/anyunknown.test.ts
npm notice 2.6kB src/v4/classic/tests/apply.test.ts
npm notice 7.3kB src/v4/classic/tests/array.test.ts
npm notice 11.5kB src/v4/classic/tests/assignability.test.ts
npm notice 12.3kB src/v4/classic/tests/async-parsing.test.ts
npm notice 1.9kB src/v4/classic/tests/async-refinements.test.ts
npm notice 179B src/v4/classic/tests/base.test.ts
npm notice 3.3kB src/v4/classic/tests/bigint.test.ts
npm notice 3.6kB src/v4/classic/tests/brand.test.ts
npm notice 17.6kB src/v4/classic/tests/catch.test.ts
npm notice 743B src/v4/classic/tests/coalesce.test.ts
npm notice 19.0kB src/v4/classic/tests/codec-examples.test.ts
npm notice 23.7kB src/v4/classic/tests/codec.test.ts
npm notice 7.7kB src/v4/classic/tests/coerce.test.ts
npm notice 8.0kB src/v4/classic/tests/continuability.test.ts
npm notice 2.9kB src/v4/classic/tests/credit-card.test.ts
npm notice 1.2kB src/v4/classic/tests/custom.test.ts
npm notice 18.8kB src/v4/classic/tests/cyclic-data.test.ts
npm notice 2.5kB src/v4/classic/tests/date.test.ts
npm notice 13.2kB src/v4/classic/tests/datetime.test.ts
npm notice 15.7kB src/v4/classic/tests/deep-partial.test.ts
npm notice 1.4kB src/v4/classic/tests/default-locale.test.ts
npm notice 11.9kB src/v4/classic/tests/default.test.ts
npm notice 965B src/v4/classic/tests/describe-meta-checks.test.ts
npm notice 1.3kB src/v4/classic/tests/description.test.ts
npm notice 7.3kB src/v4/classic/tests/detached-methods.test.ts
npm notice 26.2kB src/v4/classic/tests/discriminated-unions.test.ts
npm notice 8.9kB src/v4/classic/tests/enum.test.ts
npm notice 25.2kB src/v4/classic/tests/error-utils.test.ts
npm notice 31.1kB src/v4/classic/tests/error.test.ts
npm notice 2.6kB src/v4/classic/tests/file.test.ts
npm notice 3.0kB src/v4/classic/tests/firstparty.test.ts
npm notice 771B src/v4/classic/tests/fix-json-issue.test.ts
npm notice 42.5kB src/v4/classic/tests/from-json-schema.test.ts
npm notice 9.8kB src/v4/classic/tests/function.test.ts
npm notice 2.2kB src/v4/classic/tests/generics.test.ts
npm notice 1.7kB src/v4/classic/tests/global-config.test.ts
npm notice 3.2kB src/v4/classic/tests/hash.test.ts
npm notice 6.6kB src/v4/classic/tests/in-out.test.ts
npm notice 32.0kB src/v4/classic/tests/index.test.ts
npm notice 11.7kB src/v4/classic/tests/instance-footprint.test.ts
npm notice 4.4kB src/v4/classic/tests/instanceof.test.ts
npm notice 11.6kB src/v4/classic/tests/intersection.test.ts
npm notice 5.7kB src/v4/classic/tests/issue-schema.test.ts
npm notice 1.9kB src/v4/classic/tests/jitless-allows-eval.test.ts
npm notice 3.3kB src/v4/classic/tests/json.test.ts
npm notice 6.3kB src/v4/classic/tests/lazy.test.ts
npm notice 3.6kB src/v4/classic/tests/literal.test.ts
npm notice 1.6kB src/v4/classic/tests/locales_ka.test.ts
npm notice 944B src/v4/classic/tests/locales_ro.test.ts
npm notice 8.0kB src/v4/classic/tests/map.test.ts
npm notice 645B src/v4/classic/tests/nan.test.ts
npm notice 3.6kB src/v4/classic/tests/nested-refine.test.ts
npm notice 2.8kB src/v4/classic/tests/nonoptional.test.ts
npm notice 591B src/v4/classic/tests/nullable.test.ts
npm notice 12.6kB src/v4/classic/tests/number.test.ts
npm notice 31.6kB src/v4/classic/tests/object.test.ts
npm notice 10.7kB src/v4/classic/tests/optin-ladder.test.ts
npm notice 13.4kB src/v4/classic/tests/optional.test.ts
npm notice 15.9kB src/v4/classic/tests/partial.test.ts
npm notice 6.9kB src/v4/classic/tests/pickomit.test.ts
npm notice 2.3kB src/v4/classic/tests/pipe.test.ts
npm notice 2.1kB src/v4/classic/tests/prefault.test.ts
npm notice 2.5kB src/v4/classic/tests/preprocess-types.test.ts
npm notice 9.3kB src/v4/classic/tests/preprocess.test.ts
npm notice 7.6kB src/v4/classic/tests/primitive.test.ts
npm notice 2.3kB src/v4/classic/tests/promise.test.ts
npm notice 498B src/v4/classic/tests/prototypes.test.ts
npm notice 9.0kB src/v4/classic/tests/readonly.test.ts
npm notice 27.9kB src/v4/classic/tests/record.test.ts
npm notice 15.3kB src/v4/classic/tests/recursive-types.test.ts
npm notice 3.3kB src/v4/classic/tests/redos.test.ts
npm notice 20.1kB src/v4/classic/tests/refine.test.ts
npm notice 7.4kB src/v4/classic/tests/registries.test.ts
npm notice 6.0kB src/v4/classic/tests/set.test.ts
npm notice 3.8kB src/v4/classic/tests/standard-schema.test.ts
npm notice 3.7kB src/v4/classic/tests/string-formats.test.ts
npm notice 86.9kB src/v4/classic/tests/string.test.ts
npm notice 4.3kB src/v4/classic/tests/stringbool.test.ts
npm notice 36.4kB src/v4/classic/tests/template-literal.test.ts
npm notice 10.1kB src/v4/classic/tests/to-json-schema-methods.test.ts
npm notice 138.2kB src/v4/classic/tests/to-json-schema.test.ts
npm notice 8.7kB src/v4/classic/tests/transform.test.ts
npm notice 19.3kB src/v4/classic/tests/tuple.test.ts
npm notice 8.9kB src/v4/classic/tests/union.test.ts
npm notice 402B src/v4/classic/tests/url.test.ts
npm notice 2.9kB src/v4/classic/tests/validate.test.ts
npm notice 6.7kB src/v4/classic/tests/validations.test.ts
npm notice 306B src/v4/classic/tests/void.test.ts
npm notice 57.3kB src/v4/core/api.ts
npm notice 39.5kB src/v4/core/checks.ts
npm notice 91.8kB src/v4/core/compile.ts
npm notice 9.7kB src/v4/core/core.ts
npm notice 1.4kB src/v4/core/doc.ts
npm notice 18.9kB src/v4/core/errors.ts
npm notice 690B src/v4/core/index.ts
npm notice 4.6kB src/v4/core/json-schema-generator.ts
npm notice 32.4kB src/v4/core/json-schema-processors.ts
npm notice 3.9kB src/v4/core/json-schema.ts
npm notice 9.7kB src/v4/core/memoizer.ts
npm notice 11.3kB src/v4/core/parse.ts
npm notice 11.1kB src/v4/core/regexes.ts
npm notice 3.4kB src/v4/core/registries.ts
npm notice 167.4kB src/v4/core/schemas.ts
npm notice 6.3kB src/v4/core/standard-schema.ts
npm notice 38.5kB src/v4/core/tests/compile-differential.test.ts
npm notice 3.8kB src/v4/core/tests/compile-global.test.ts
npm notice 1.7kB src/v4/core/tests/compile-off-by-default.test.ts
npm notice 1.4kB src/v4/core/tests/compile-stats.test.ts
npm notice 56.0kB src/v4/core/tests/compile.test.ts
npm notice 1.4kB src/v4/core/tests/extend.test.ts
npm notice 1.2kB src/v4/core/tests/index.test.ts
npm notice 3.8kB src/v4/core/tests/locales/be.test.ts
npm notice 9.1kB src/v4/core/tests/locales/el.test.ts
npm notice 828B src/v4/core/tests/locales/en.test.ts
npm notice 6.9kB src/v4/core/tests/locales/es.test.ts
npm notice 2.7kB src/v4/core/tests/locales/fr.test.ts
npm notice 14.3kB src/v4/core/tests/locales/he.test.ts
npm notice 6.2kB src/v4/core/tests/locales/hr.test.ts
npm notice 1.0kB src/v4/core/tests/locales/nl.test.ts
npm notice 2.6kB src/v4/core/tests/locales/parity.test.ts
npm notice 3.8kB src/v4/core/tests/locales/ru.test.ts
npm notice 3.3kB src/v4/core/tests/locales/tk.test.ts
npm notice 3.3kB src/v4/core/tests/locales/tr.test.ts
npm notice 5.3kB src/v4/core/tests/locales/uz.test.ts
npm notice 4.6kB src/v4/core/tests/record-constructor.test.ts
npm notice 1.4kB src/v4/core/tests/recursive-tuples.test.ts
npm notice 2.5kB src/v4/core/tests/treeshake.test.ts
npm notice 1.4kB src/v4/core/tests/url-no-canparse.test.ts
npm notice 34.7kB src/v4/core/to-json-schema.ts
npm notice 42.6kB src/v4/core/util.ts
npm notice 83B src/v4/core/versions.ts
npm notice 6.9kB src/v4/core/visit.ts
npm notice 6.7kB src/v4/core/zsf.ts
npm notice 351B src/v4/index.ts
npm notice 5.2kB src/v4/locales/ar.ts
npm notice 4.5kB src/v4/locales/az.ts
npm notice 6.6kB src/v4/locales/be.ts
npm notice 5.6kB src/v4/locales/bg.ts
npm notice 5.5kB src/v4/locales/bn.ts
npm notice 4.7kB src/v4/locales/ca.ts
npm notice 5.6kB src/v4/locales/ckb.ts
npm notice 4.7kB src/v4/locales/cs.ts
npm notice 4.7kB src/v4/locales/da.ts
npm notice 4.5kB src/v4/locales/de.ts
npm notice 5.5kB src/v4/locales/el.ts
npm notice 5.0kB src/v4/locales/en.ts
npm notice 4.5kB src/v4/locales/eo.ts
npm notice 5.2kB src/v4/locales/es.ts
npm notice 5.1kB src/v4/locales/fa.ts
npm notice 4.7kB src/v4/locales/fi.ts
npm notice 4.5kB src/v4/locales/fr-CA.ts
npm notice 5.1kB src/v4/locales/fr.ts
npm notice 5.7kB src/v4/locales/gu.ts
npm notice 11.6kB src/v4/locales/he.ts
npm notice 5.7kB src/v4/locales/hi.ts
npm notice 4.9kB src/v4/locales/hr.ts
npm notice 4.6kB src/v4/locales/hu.ts
npm notice 6.3kB src/v4/locales/hy.ts
npm notice 4.5kB src/v4/locales/id.ts
npm notice 2.6kB src/v4/locales/index.ts
npm notice 4.6kB src/v4/locales/is.ts
npm notice 4.5kB src/v4/locales/it.ts
npm notice 4.8kB src/v4/locales/ja.ts
npm notice 6.2kB src/v4/locales/ka.ts
npm notice 198B src/v4/locales/kh.ts
npm notice 6.2kB src/v4/locales/km.ts
npm notice 6.2kB src/v4/locales/kn.ts
npm notice 4.8kB src/v4/locales/ko.ts
npm notice 7.8kB src/v4/locales/lt.ts
npm notice 5.1kB src/v4/locales/mk.ts
npm notice 4.4kB src/v4/locales/ms.ts
npm notice 5.6kB src/v4/locales/ne.ts
npm notice 4.7kB src/v4/locales/nl.ts
npm notice 4.4kB src/v4/locales/nn.ts
npm notice 4.4kB src/v4/locales/no.ts
npm notice 4.5kB src/v4/locales/ota.ts
npm notice 4.9kB src/v4/locales/pl.ts
npm notice 4.9kB src/v4/locales/ps.ts
npm notice 6.9kB src/v4/locales/pt-BR.ts
npm notice 6.9kB src/v4/locales/pt.ts
npm notice 4.6kB src/v4/locales/ro.ts
npm notice 6.6kB src/v4/locales/ru.ts
npm notice 4.7kB src/v4/locales/sk.ts
npm notice 4.5kB src/v4/locales/sl.ts
npm notice 4.6kB src/v4/locales/sv.ts
npm notice 6.4kB src/v4/locales/ta.ts
npm notice 6.3kB src/v4/locales/th.ts
npm notice 4.2kB src/v4/locales/tk.ts
npm notice 4.4kB src/v4/locales/tr.ts
npm notice 198B src/v4/locales/ua.ts
npm notice 5.4kB src/v4/locales/uk.ts
npm notice 5.2kB src/v4/locales/ur.ts
npm notice 4.6kB src/v4/locales/uz.ts
npm notice 4.7kB src/v4/locales/vi.ts
npm notice 4.6kB src/v4/locales/yo.ts
npm notice 4.4kB src/v4/locales/zh-CN.ts
npm notice 4.4kB src/v4/locales/zh-TW.ts
npm notice 765B src/v4/mini/checks.ts
npm notice 1.2kB src/v4/mini/coerce.ts
npm notice 3.5kB src/v4/mini/deep-partial.ts
npm notice 1.1kB src/v4/mini/external.ts
npm notice 2.1kB src/v4/mini/in-out.ts
npm notice 81B src/v4/mini/index.ts
npm notice 2.2kB src/v4/mini/iso.ts
npm notice 235B src/v4/mini/parse.ts
npm notice 64.4kB src/v4/mini/schemas.ts
npm notice 2.0kB src/v4/mini/tests/apply.test.ts
npm notice 4.9kB src/v4/mini/tests/assignability.test.ts
npm notice 3.2kB src/v4/mini/tests/brand.test.ts
npm notice 4.9kB src/v4/mini/tests/checks.test.ts
npm notice 20.0kB src/v4/mini/tests/codec.test.ts
npm notice 1.2kB src/v4/mini/tests/computed.test.ts
npm notice 2.1kB src/v4/mini/tests/cyclic-data.test.ts
npm notice 2.0kB src/v4/mini/tests/deep-partial.test.ts
npm notice 1.1kB src/v4/mini/tests/error.test.ts
npm notice 401B src/v4/mini/tests/functions.test.ts
npm notice 35.6kB src/v4/mini/tests/index.test.ts
npm notice 4.2kB src/v4/mini/tests/number.test.ts
npm notice 9.8kB src/v4/mini/tests/object.test.ts
npm notice 867B src/v4/mini/tests/prototypes.test.ts
npm notice 7.1kB src/v4/mini/tests/recursive-types.test.ts
npm notice 1.4kB src/v4/mini/tests/standard-schema.test.ts
npm notice 14.2kB src/v4/mini/tests/string.test.ts
npm notice 579B v3/errors.cjs
npm notice 240B v3/errors.d.cts
npm notice 238B v3/errors.d.ts
npm notice 243B v3/errors.js
npm notice 1.1kB v3/external.cjs
npm notice 211B v3/external.d.cts
npm notice 205B v3/external.d.ts
npm notice 205B v3/external.js
npm notice 77B v3/helpers/enumUtil.cjs
npm notice 609B v3/helpers/enumUtil.d.cts
npm notice 609B v3/helpers/enumUtil.d.ts
npm notice 11B v3/helpers/enumUtil.js
npm notice 418B v3/helpers/errorUtil.cjs
npm notice 276B v3/helpers/errorUtil.d.cts
npm notice 276B v3/helpers/errorUtil.d.ts
npm notice 300B v3/helpers/errorUtil.js
npm notice 4.3kB v3/helpers/parseUtil.cjs
npm notice 2.8kB v3/helpers/parseUtil.d.cts
npm notice 2.8kB v3/helpers/parseUtil.d.ts
npm notice 3.6kB v3/helpers/parseUtil.js
npm notice 77B v3/helpers/partialUtil.cjs
npm notice 828B v3/helpers/partialUtil.d.cts
npm notice 827B v3/helpers/partialUtil.d.ts
npm notice 11B v3/helpers/partialUtil.js
npm notice 77B v3/helpers/typeAliases.cjs
npm notice 135B v3/helpers/typeAliases.d.cts
npm notice 135B v3/helpers/typeAliases.d.ts
npm notice 11B v3/helpers/typeAliases.js
npm notice 4.4kB v3/helpers/util.cjs
npm notice 3.4kB v3/helpers/util.d.cts
npm notice 3.4kB v3/helpers/util.d.ts
npm notice 4.1kB v3/helpers/util.js
npm notice 1.5kB v3/index.cjs
npm notice 101B v3/index.d.cts
npm notice 99B v3/index.d.ts
npm notice 99B v3/index.js
npm notice 6.0kB v3/locales/en.cjs
npm notice 108B v3/locales/en.d.cts
npm notice 113B v3/locales/en.d.ts
npm notice 5.6kB v3/locales/en.js
npm notice 127B v3/package.json
npm notice 77B v3/standard-schema.cjs
npm notice 2.8kB v3/standard-schema.d.cts
npm notice 2.8kB v3/standard-schema.d.ts
npm notice 11B v3/standard-schema.js
npm notice 140.3kB v3/types.cjs
npm notice 52.0kB v3/types.d.cts
npm notice 52.0kB v3/types.d.ts
npm notice 131.4kB v3/types.js
npm notice 5.3kB v3/ZodError.cjs
npm notice 6.4kB v3/ZodError.d.cts
npm notice 6.4kB v3/ZodError.d.ts
npm notice 5.1kB v3/ZodError.js
npm notice 1.5kB v4-mini/index.cjs
npm notice 101B v4-mini/index.d.cts
npm notice 99B v4-mini/index.d.ts
npm notice 99B v4-mini/index.js
npm notice 127B v4-mini/package.json
npm notice 4.2kB v4/classic/checks.cjs
npm notice 729B v4/classic/checks.d.cts
npm notice 728B v4/classic/checks.d.ts
npm notice 690B v4/classic/checks.js
npm notice 1.8kB v4/classic/coerce.cjs
npm notice 1.1kB v4/classic/coerce.d.cts
npm notice 1.1kB v4/classic/coerce.d.ts
npm notice 550B v4/classic/coerce.js
npm notice 2.6kB v4/classic/compat.cjs
npm notice 2.8kB v4/classic/compat.d.cts
npm notice 2.8kB v4/classic/compat.d.ts
npm notice 1.1kB v4/classic/compat.js
npm notice 1.7kB v4/classic/deep-partial.cjs
npm notice 2.8kB v4/classic/deep-partial.d.cts
npm notice 2.8kB v4/classic/deep-partial.d.ts
npm notice 543B v4/classic/deep-partial.js
npm notice 3.7kB v4/classic/errors.cjs
npm notice 1.7kB v4/classic/errors.d.cts
npm notice 1.7kB v4/classic/errors.d.ts
npm notice 2.5kB v4/classic/errors.js
npm notice 6.7kB v4/classic/external.cjs
npm notice 1.2kB v4/classic/external.d.cts
npm notice 1.2kB v4/classic/external.d.ts
npm notice 1.1kB v4/classic/external.js
npm notice 30.2kB v4/classic/from-json-schema.cjs
npm notice 627B v4/classic/from-json-schema.d.cts
npm notice 624B v4/classic/from-json-schema.d.ts
npm notice 29.0kB v4/classic/from-json-schema.js
npm notice 3.4kB v4/classic/in-out.cjs
npm notice 691B v4/classic/in-out.d.cts
npm notice 689B v4/classic/in-out.d.ts
npm notice 2.2kB v4/classic/in-out.js
npm notice 1.5kB v4/classic/index.cjs
npm notice 97B v4/classic/index.d.cts
npm notice 95B v4/classic/index.d.ts
npm notice 177B v4/classic/index.js
npm notice 2.3kB v4/classic/iso.cjs
npm notice 579B v4/classic/iso.d.cts
npm notice 576B v4/classic/iso.d.ts
npm notice 556B v4/classic/iso.js
npm notice 127B v4/classic/package.json
npm notice 2.6kB v4/classic/parse.cjs
npm notice 2.9kB v4/classic/parse.d.cts
npm notice 2.9kB v4/classic/parse.d.ts
npm notice 1.1kB v4/classic/parse.js
npm notice 56.8kB v4/classic/schemas.cjs
npm notice 50.6kB v4/classic/schemas.d.cts
npm notice 50.6kB v4/classic/schemas.d.ts
npm notice 51.5kB v4/classic/schemas.js
npm notice 32.3kB v4/core/api.cjs
npm notice 33.4kB v4/core/api.d.cts
npm notice 33.4kB v4/core/api.d.ts
npm notice 28.6kB v4/core/api.js
npm notice 22.8kB v4/core/checks.cjs
npm notice 13.2kB v4/core/checks.d.cts
npm notice 13.1kB v4/core/checks.d.ts
npm notice 21.3kB v4/core/checks.js
npm notice 88.6kB v4/core/compile.cjs
npm notice 2.9kB v4/core/compile.d.cts
npm notice 2.9kB v4/core/compile.d.ts
npm notice 87.1kB v4/core/compile.js
npm notice 6.9kB v4/core/core.cjs
npm notice 3.0kB v4/core/core.d.cts
npm notice 3.0kB v4/core/core.d.ts
npm notice 6.6kB v4/core/core.js
npm notice 1.2kB v4/core/doc.cjs
npm notice 483B v4/core/doc.d.cts
npm notice 483B v4/core/doc.d.ts
npm notice 1.1kB v4/core/doc.js
npm notice 12.3kB v4/core/errors.cjs
npm notice 9.1kB v4/core/errors.d.cts
npm notice 9.1kB v4/core/errors.d.ts
npm notice 10.9kB v4/core/errors.js
npm notice 2.9kB v4/core/index.cjs
npm notice 709B v4/core/index.d.cts
npm notice 690B v4/core/index.d.ts
npm notice 690B v4/core/index.js
npm notice 4.1kB v4/core/json-schema-generator.cjs
npm notice 2.6kB v4/core/json-schema-generator.d.cts
npm notice 2.6kB v4/core/json-schema-generator.d.ts
npm notice 3.8kB v4/core/json-schema-generator.js
npm notice 35.3kB v4/core/json-schema-processors.cjs
npm notice 3.4kB v4/core/json-schema-processors.d.cts
npm notice 3.4kB v4/core/json-schema-processors.d.ts
npm notice 30.2kB v4/core/json-schema-processors.js
npm notice 77B v4/core/json-schema.cjs
npm notice 2.8kB v4/core/json-schema.d.cts
npm notice 2.8kB v4/core/json-schema.d.ts
npm notice 11B v4/core/json-schema.js
npm notice 10.4kB v4/core/memoizer.cjs
npm notice 844B v4/core/memoizer.d.cts
npm notice 843B v4/core/memoizer.d.ts
npm notice 10.2kB v4/core/memoizer.js
npm notice 127B v4/core/package.json
npm notice 9.2kB v4/core/parse.cjs
npm notice 4.3kB v4/core/parse.d.cts
npm notice 4.3kB v4/core/parse.d.ts
npm notice 7.1kB v4/core/parse.js
npm notice 12.2kB v4/core/regexes.cjs
npm notice 3.8kB v4/core/regexes.d.cts
npm notice 3.8kB v4/core/regexes.d.ts
npm notice 10.2kB v4/core/regexes.js
npm notice 1.7kB v4/core/registries.cjs
npm notice 1.6kB v4/core/registries.d.cts
npm notice 1.6kB v4/core/registries.d.ts
npm notice 1.5kB v4/core/registries.js
npm notice 101.0kB v4/core/schemas.cjs
npm notice 58.0kB v4/core/schemas.d.cts
npm notice 58.0kB v4/core/schemas.d.ts
npm notice 98.2kB v4/core/schemas.js
npm notice 77B v4/core/standard-schema.cjs
npm notice 6.3kB v4/core/standard-schema.d.cts
npm notice 6.3kB v4/core/standard-schema.d.ts
npm notice 11B v4/core/standard-schema.js
npm notice 29.3kB v4/core/to-json-schema.cjs
npm notice 8.5kB v4/core/to-json-schema.d.cts
npm notice 8.5kB v4/core/to-json-schema.d.ts
npm notice 28.8kB v4/core/to-json-schema.js
npm notice 34.5kB v4/core/util.cjs
npm notice 16.0kB v4/core/util.d.cts
npm notice 16.0kB v4/core/util.d.ts
npm notice 32.4kB v4/core/util.js
npm notice 168B v4/core/versions.cjs
npm notice 109B v4/core/versions.d.cts
npm notice 109B v4/core/versions.d.ts
npm notice 70B v4/core/versions.js
npm notice 7.9kB v4/core/visit.cjs
npm notice 1.2kB v4/core/visit.d.cts
npm notice 1.2kB v4/core/visit.d.ts
npm notice 6.6kB v4/core/visit.js
npm notice 1.5kB v4/index.cjs
npm notice 109B v4/index.d.cts
npm notice 107B v4/index.d.ts
npm notice 351B v4/index.js
npm notice 6.5kB v4/locales/ar.cjs
npm notice 142B v4/locales/ar.d.cts
npm notice 121B v4/locales/ar.d.ts
npm notice 5.3kB v4/locales/ar.js
npm notice 5.8kB v4/locales/az.cjs
npm notice 142B v4/locales/az.d.cts
npm notice 121B v4/locales/az.d.ts
npm notice 4.6kB v4/locales/az.js
npm notice 8.1kB v4/locales/be.cjs
npm notice 142B v4/locales/be.d.cts
npm notice 121B v4/locales/be.d.ts
npm notice 6.9kB v4/locales/be.js
npm notice 7.1kB v4/locales/bg.cjs
npm notice 142B v4/locales/bg.d.cts
npm notice 121B v4/locales/bg.d.ts
npm notice 6.0kB v4/locales/bg.js
npm notice 6.9kB v4/locales/bn.cjs
npm notice 142B v4/locales/bn.d.cts
npm notice 121B v4/locales/bn.d.ts
npm notice 5.7kB v4/locales/bn.js
npm notice 6.0kB v4/locales/ca.cjs
npm notice 142B v4/locales/ca.d.cts
npm notice 121B v4/locales/ca.d.ts
npm notice 4.8kB v4/locales/ca.js
npm notice 7.1kB v4/locales/ckb.cjs
npm notice 142B v4/locales/ckb.d.cts
npm notice 121B v4/locales/ckb.d.ts
npm notice 5.9kB v4/locales/ckb.js
npm notice 6.1kB v4/locales/cs.cjs
npm notice 142B v4/locales/cs.d.cts
npm notice 121B v4/locales/cs.d.ts
npm notice 4.9kB v4/locales/cs.js
npm notice 6.1kB v4/locales/da.cjs
npm notice 142B v4/locales/da.d.cts
npm notice 121B v4/locales/da.d.ts
npm notice 4.9kB v4/locales/da.js
npm notice 5.9kB v4/locales/de.cjs
npm notice 142B v4/locales/de.d.cts
npm notice 121B v4/locales/de.d.ts
npm notice 4.7kB v4/locales/de.js
npm notice 6.8kB v4/locales/el.cjs
npm notice 142B v4/locales/el.d.cts
npm notice 121B v4/locales/el.d.ts
npm notice 5.6kB v4/locales/el.js
npm notice 6.4kB v4/locales/en.cjs
npm notice 142B v4/locales/en.d.cts
npm notice 121B v4/locales/en.d.ts
npm notice 5.2kB v4/locales/en.js
npm notice 5.9kB v4/locales/eo.cjs
npm notice 142B v4/locales/eo.d.cts
npm notice 121B v4/locales/eo.d.ts
npm notice 4.7kB v4/locales/eo.js
npm notice 6.7kB v4/locales/es.cjs
npm notice 142B v4/locales/es.d.cts
npm notice 121B v4/locales/es.d.ts
npm notice 5.5kB v4/locales/es.js
npm notice 6.5kB v4/locales/fa.cjs
npm notice 142B v4/locales/fa.d.cts
npm notice 121B v4/locales/fa.d.ts
npm notice 5.3kB v4/locales/fa.js
npm notice 6.1kB v4/locales/fi.cjs
npm notice 142B v4/locales/fi.d.cts
npm notice 121B v4/locales/fi.d.ts
npm notice 4.9kB v4/locales/fi.js
npm notice 5.9kB v4/locales/fr-CA.cjs
npm notice 142B v4/locales/fr-CA.d.cts
npm notice 121B v4/locales/fr-CA.d.ts
npm notice 4.7kB v4/locales/fr-CA.js
npm notice 6.5kB v4/locales/fr.cjs
npm notice 142B v4/locales/fr.d.cts
npm notice 121B v4/locales/fr.d.ts
npm notice 5.4kB v4/locales/fr.js
npm notice 7.0kB v4/locales/gu.cjs
npm notice 142B v4/locales/gu.d.cts
npm notice 121B v4/locales/gu.d.ts
npm notice 5.9kB v4/locales/gu.js
npm notice 13.5kB v4/locales/he.cjs
npm notice 142B v4/locales/he.d.cts
npm notice 121B v4/locales/he.d.ts
npm notice 12.3kB v4/locales/he.js
npm notice 7.0kB v4/locales/hi.cjs
npm notice 142B v4/locales/hi.d.cts
npm notice 121B v4/locales/hi.d.ts
npm notice 5.9kB v4/locales/hi.js
npm notice 6.3kB v4/locales/hr.cjs
npm notice 142B v4/locales/hr.d.cts
npm notice 121B v4/locales/hr.d.ts
npm notice 5.1kB v4/locales/hr.js
npm notice 6.0kB v4/locales/hu.cjs
npm notice 142B v4/locales/hu.d.cts
npm notice 121B v4/locales/hu.d.ts
npm notice 4.8kB v4/locales/hu.js
npm notice 7.8kB v4/locales/hy.cjs
npm notice 142B v4/locales/hy.d.cts
npm notice 121B v4/locales/hy.d.ts
npm notice 6.6kB v4/locales/hy.js
npm notice 5.9kB v4/locales/id.cjs
npm notice 142B v4/locales/id.d.cts
npm notice 121B v4/locales/id.d.ts
npm notice 4.7kB v4/locales/id.js
npm notice 10.9kB v4/locales/index.cjs
npm notice 2.6kB v4/locales/index.d.cts
npm notice 2.6kB v4/locales/index.d.ts
npm notice 2.6kB v4/locales/index.js
npm notice 5.9kB v4/locales/is.cjs
npm notice 142B v4/locales/is.d.cts
npm notice 121B v4/locales/is.d.ts
npm notice 4.8kB v4/locales/is.js
npm notice 5.9kB v4/locales/it.cjs
npm notice 142B v4/locales/it.d.cts
npm notice 121B v4/locales/it.d.ts
npm notice 4.7kB v4/locales/it.js
npm notice 6.2kB v4/locales/ja.cjs
npm notice 142B v4/locales/ja.d.cts
npm notice 121B v4/locales/ja.d.ts
npm notice 5.0kB v4/locales/ja.js
npm notice 7.6kB v4/locales/ka.cjs
npm notice 142B v4/locales/ka.d.cts
npm notice 121B v4/locales/ka.d.ts
npm notice 6.4kB v4/locales/ka.js
npm notice 430B v4/locales/kh.cjs
npm notice 142B v4/locales/kh.d.cts
npm notice 158B v4/locales/kh.d.ts
npm notice 111B v4/locales/kh.js
npm notice 7.6kB v4/locales/km.cjs
npm notice 142B v4/locales/km.d.cts
npm notice 121B v4/locales/km.d.ts
npm notice 6.4kB v4/locales/km.js
npm notice 7.6kB v4/locales/kn.cjs
npm notice 142B v4/locales/kn.d.cts
npm notice 121B v4/locales/kn.d.ts
npm notice 6.4kB v4/locales/kn.js
npm notice 6.2kB v4/locales/ko.cjs
npm notice 142B v4/locales/ko.d.cts
npm notice 121B v4/locales/ko.d.ts
npm notice 5.0kB v4/locales/ko.js
npm notice 9.3kB v4/locales/lt.cjs
npm notice 142B v4/locales/lt.d.cts
npm notice 121B v4/locales/lt.d.ts
npm notice 8.2kB v4/locales/lt.js
npm notice 6.5kB v4/locales/mk.cjs
npm notice 142B v4/locales/mk.d.cts
npm notice 121B v4/locales/mk.d.ts
npm notice 5.3kB v4/locales/mk.js
npm notice 5.8kB v4/locales/ms.cjs
npm notice 142B v4/locales/ms.d.cts
npm notice 121B v4/locales/ms.d.ts
npm notice 4.6kB v4/locales/ms.js
npm notice 6.9kB v4/locales/ne.cjs
npm notice 142B v4/locales/ne.d.cts
npm notice 121B v4/locales/ne.d.ts
npm notice 5.7kB v4/locales/ne.js
npm notice 6.1kB v4/locales/nl.cjs
npm notice 142B v4/locales/nl.d.cts
npm notice 121B v4/locales/nl.d.ts
npm notice 4.9kB v4/locales/nl.js
npm notice 5.8kB v4/locales/nn.cjs
npm notice 142B v4/locales/nn.d.cts
npm notice 121B v4/locales/nn.d.ts
npm notice 4.6kB v4/locales/nn.js
npm notice 5.8kB v4/locales/no.cjs
npm notice 142B v4/locales/no.d.cts
npm notice 121B v4/locales/no.d.ts
npm notice 4.6kB v4/locales/no.js
npm notice 5.8kB v4/locales/ota.cjs
npm notice 142B v4/locales/ota.d.cts
npm notice 121B v4/locales/ota.d.ts
npm notice 4.7kB v4/locales/ota.js
npm notice 127B v4/locales/package.json
npm notice 6.3kB v4/locales/pl.cjs
npm notice 142B v4/locales/pl.d.cts
npm notice 121B v4/locales/pl.d.ts
npm notice 5.1kB v4/locales/pl.js
npm notice 6.2kB v4/locales/ps.cjs
npm notice 142B v4/locales/ps.d.cts
npm notice 121B v4/locales/ps.d.ts
npm notice 5.1kB v4/locales/ps.js
npm notice 8.1kB v4/locales/pt-BR.cjs
npm notice 142B v4/locales/pt-BR.d.cts
npm notice 121B v4/locales/pt-BR.d.ts
npm notice 7.0kB v4/locales/pt-BR.js
npm notice 8.1kB v4/locales/pt.cjs
npm notice 142B v4/locales/pt.d.cts
npm notice 121B v4/locales/pt.d.ts
npm notice 7.0kB v4/locales/pt.js
npm notice 6.0kB v4/locales/ro.cjs
npm notice 142B v4/locales/ro.d.cts
npm notice 121B v4/locales/ro.d.ts
npm notice 4.8kB v4/locales/ro.js
npm notice 8.2kB v4/locales/ru.cjs
npm notice 142B v4/locales/ru.d.cts
npm notice 121B v4/locales/ru.d.ts
npm notice 7.0kB v4/locales/ru.js
npm notice 6.1kB v4/locales/sk.cjs
npm notice 142B v4/locales/sk.d.cts
npm notice 121B v4/locales/sk.d.ts
npm notice 4.9kB v4/locales/sk.js
npm notice 5.9kB v4/locales/sl.cjs
npm notice 142B v4/locales/sl.d.cts
npm notice 121B v4/locales/sl.d.ts
npm notice 4.7kB v4/locales/sl.js
npm notice 6.0kB v4/locales/sv.cjs
npm notice 142B v4/locales/sv.d.cts
npm notice 121B v4/locales/sv.d.ts
npm notice 4.8kB v4/locales/sv.js
npm notice 7.8kB v4/locales/ta.cjs
npm notice 142B v4/locales/ta.d.cts
npm notice 121B v4/locales/ta.d.ts
npm notice 6.6kB v4/locales/ta.js
npm notice 7.7kB v4/locales/th.cjs
npm notice 142B v4/locales/th.d.cts
npm notice 121B v4/locales/th.d.ts
npm notice 6.5kB v4/locales/th.js
npm notice 5.6kB v4/locales/tk.cjs
npm notice 142B v4/locales/tk.d.cts
npm notice 121B v4/locales/tk.d.ts
npm notice 4.4kB v4/locales/tk.js
npm notice 5.8kB v4/locales/tr.cjs
npm notice 142B v4/locales/tr.d.cts
npm notice 121B v4/locales/tr.d.ts
npm notice 4.6kB v4/locales/tr.js
npm notice 430B v4/locales/ua.cjs
npm notice 142B v4/locales/ua.d.cts
npm notice 158B v4/locales/ua.d.ts
npm notice 111B v4/locales/ua.js
npm notice 6.8kB v4/locales/uk.cjs
npm notice 142B v4/locales/uk.d.cts
npm notice 121B v4/locales/uk.d.ts
npm notice 5.6kB v4/locales/uk.js
npm notice 6.6kB v4/locales/ur.cjs
npm notice 142B v4/locales/ur.d.cts
npm notice 121B v4/locales/ur.d.ts
npm notice 5.4kB v4/locales/ur.js
npm notice 6.0kB v4/locales/uz.cjs
npm notice 142B v4/locales/uz.d.cts
npm notice 121B v4/locales/uz.d.ts
npm notice 4.8kB v4/locales/uz.js
npm notice 6.1kB v4/locales/vi.cjs
npm notice 142B v4/locales/vi.d.cts
npm notice 121B v4/locales/vi.d.ts
npm notice 4.9kB v4/locales/vi.js
npm notice 6.0kB v4/locales/yo.cjs
npm notice 142B v4/locales/yo.d.cts
npm notice 121B v4/locales/yo.d.ts
npm notice 4.8kB v4/locales/yo.js
npm notice 5.7kB v4/locales/zh-CN.cjs
npm notice 142B v4/locales/zh-CN.d.cts
npm notice 121B v4/locales/zh-CN.d.ts
npm notice 4.6kB v4/locales/zh-CN.js
npm notice 5.8kB v4/locales/zh-TW.cjs
npm notice 142B v4/locales/zh-TW.d.cts
npm notice 121B v4/locales/zh-TW.d.ts
npm notice 4.6kB v4/locales/zh-TW.js
npm notice 4.3kB v4/mini/checks.cjs
npm notice 704B v4/mini/checks.d.cts
npm notice 703B v4/mini/checks.d.ts
npm notice 703B v4/mini/checks.js
npm notice 1.9kB v4/mini/coerce.cjs
npm notice 642B v4/mini/coerce.d.cts
npm notice 640B v4/mini/coerce.d.ts
npm notice 690B v4/mini/coerce.js
npm notice 1.6kB v4/mini/deep-partial.cjs
npm notice 2.8kB v4/mini/deep-partial.d.cts
npm notice 2.8kB v4/mini/deep-partial.d.ts
npm notice 476B v4/mini/deep-partial.js
npm notice 6.3kB v4/mini/external.cjs
npm notice 1.0kB v4/mini/external.d.cts
npm notice 1.0kB v4/mini/external.d.ts
npm notice 902B v4/mini/external.js
npm notice 2.8kB v4/mini/in-out.cjs
npm notice 471B v4/mini/in-out.d.cts
npm notice 469B v4/mini/in-out.d.ts
npm notice 1.6kB v4/mini/in-out.js
npm notice 1.4kB v4/mini/index.cjs
npm notice 83B v4/mini/index.d.cts
npm notice 81B v4/mini/index.d.ts
npm notice 81B v4/mini/index.js
npm notice 2.6kB v4/mini/iso.cjs
npm notice 1.3kB v4/mini/iso.d.cts
npm notice 1.3kB v4/mini/iso.d.ts
npm notice 1.3kB v4/mini/iso.js
npm notice 127B v4/mini/package.json
npm notice 2.1kB v4/mini/parse.cjs
npm notice 208B v4/mini/parse.d.cts
npm notice 207B v4/mini/parse.d.ts
npm notice 207B v4/mini/parse.js
npm notice 36.6kB v4/mini/schemas.cjs
npm notice 34.5kB v4/mini/schemas.d.cts
npm notice 34.5kB v4/mini/schemas.d.ts
npm notice 31.8kB v4/mini/schemas.js
npm notice 127B v4/package.json
npm notice Tarball Details
npm notice name: zod
npm notice version: 4.5.4
npm notice filename: zod-4.5.4.tgz
npm notice package size: 1.1 MB
npm notice unpacked size: 5.8 MB
npm notice shasum: e215c62420c528dd7951e31fb52c5438f1fd184a
npm notice integrity: sha512-sC95tT5iHHH9g[...]fotuTvMGiTlsA==
npm notice total files: 828
npm notice
zod-4.5.4.tgz
